<?xml version="1.0" encoding="utf-8"?>
<TestRun id="a9601c1e-39e2-4d24-a92e-0be819141b1c" name="sapro@ASUSPROART 2026-09-24 10:52:28" runUser="ASUSPROART\sapro" xmlns="http://microsoft.com/schemas/VisualStudio/TeamTest/2010">
  <Times creation="2026-09-24T10:52:28.1160158-04:00" queuing="2026-09-24T10:52:28.1160167-04:00" start="2026-09-24T10:52:24.1273555-04:00" finish="2026-09-24T10:52:36.9603435-04:00" />
  <TestSettings name="default" id="1786c99c-f1b8-4887-be35-95d433b5a62a">
    <Deployment runDeploymentRoot="sapro_ASUSPROART_2026-09-24_10_52_28" />
  </TestSettings>
  <Results>
    <UnitTestResult executionId="068a085f-bac7-4efa-8f4b-d4b44e728f35" testId="2a435d3d-7ceb-c13a-0e22-1a5112ccf84b" testName="Sonda.Access.Tests.MonitoringPathTests.Allowed_configuration_does_not_require_filesystem_access(path: &quot;\\\\fixture-server\\logs\\approved\\CAM&quot;)" computerName="ASUSPROART" duration="00:00:00.0000413" startTime="2026-09-24T10:52:28.0614416-04:00" endTime="2026-09-24T10:52:28.0615354-04:00" testType="13cdc9d9-ddb5-4fa4-a97d-d965ccfc6d4b" outcome="Passed" testListId="8c84fa94-04c1-424b-9868-57a2d4851a1d" relativeResultsDirectory="068a085f-bac7-4efa-8f4b-d4b44e728f35" />
    <UnitTestResult executionId="f58b8271-d184-4812-8918-5d3b43b1a8dd" testId="cb4e54ec-1a62-f8ff-aefd-3326dfd7f67e" testName="Sonda.Access.Tests.ProvisioningTests.Conflicting_reuse_and_cross_actor_reuse_are_rejected" computerName="ASUSPROART" duration="00:00:00.0674739" startTime="2026-09-24T10:52:36.2746435-04:00" endTime="2026-09-24T10:52:36.3426527-04:00" testType="13cdc9d9-ddb5-4fa4-a97d-d965ccfc6d4b" outcome="Passed" testListId="8c84fa94-04c1-424b-9868-57a2d4851a1d" relativeResultsDirectory="f58b8271-d184-4812-8918-5d3b43b1a8dd" />
    <UnitTestResult executionId="72383948-ad2e-4d5e-b451-5dcae53ba142" testId="8bcc4b4d-59a3-9e5d-ad73-67ddf8c98112" testName="Sonda.Access.Tests.ProvisioningTests.Foreign_parent_is_indistinguishable_from_missing_parent" computerName="ASUSPROART" duration="00:00:00.1476366" startTime="2026-09-24T10:52:35.4682513-04:00" endTime="2026-09-24T10:52:35.6166962-04:00" testType="13cdc9d9-ddb5-4fa4-a97d-d965ccfc6d4b" outcome="Passed" testListId="8c84fa94-04c1-424b-9868-57a2d4851a1d" relativeResultsDirectory="72383948-ad2e-4d5e-b451-5dcae53ba142" />
    <UnitTestResult executionId="11fde0be-27fe-4dcb-9d60-81f3617a418b" testId="0f1f587f-8d2c-dfed-f448-883a8219da36" testName="Sonda.Access.Tests.MonitoringPathTests.Rejects_ambiguous_or_outside_paths(path: &quot;\\\\other-server\\logs\\approved&quot;)" computerName="ASUSPROART" duration="00:00:00.0000149" startTime="2026-09-24T10:52:28.0831101-04:00" endTime="2026-09-24T10:52:28.0831990-04:00" testType="13cdc9d9-ddb5-4fa4-a97d-d965ccfc6d4b" outcome="Passed" testListId="8c84fa94-04c1-424b-9868-57a2d4851a1d" relativeResultsDirectory="11fde0be-27fe-4dcb-9d60-81f3617a418b" />
    <UnitTestResult executionId="d77b7cc4-5ee2-498b-ba14-050dda6b8693" testId="b39c7b8d-eb66-f8f6-e07b-d1b8d4849174" testName="Sonda.Access.Tests.MonitoringPathTests.Rejects_ambiguous_or_outside_paths(path: &quot;C:\\synthetic-logs\\..\\private&quot;)" computerName="ASUSPROART" duration="00:00:00.0003511" startTime="2026-09-24T10:52:28.0642026-04:00" endTime="2026-09-24T10:52:28.0642929-04:00" testType="13cdc9d9-ddb5-4fa4-a97d-d965ccfc6d4b" outcome="Passed" testListId="8c84fa94-04c1-424b-9868-57a2d4851a1d" relativeResultsDirectory="d77b7cc4-5ee2-498b-ba14-050dda6b8693" />
    <UnitTestResult executionId="39135474-a5de-425f-9548-e9e99b2ad2d1" testId="98bfecb7-3e97-3fbf-4666-4ae12bf94870" testName="Sonda.Access.Tests.RuntimeRoleTests.Least_privilege_role_can_provision_but_cannot_change_schema_and_audit_failure_rolls_back_core" computerName="ASUSPROART" duration="00:00:02.2505848" startTime="2026-09-24T10:52:33.2086521-04:00" endTime="2026-09-24T10:52:35.4622654-04:00" testType="13cdc9d9-ddb5-4fa4-a97d-d965ccfc6d4b" outcome="Passed" testListId="8c84fa94-04c1-424b-9868-57a2d4851a1d" relativeResultsDirectory="39135474-a5de-425f-9548-e9e99b2ad2d1" />
    <UnitTestResult executionId="2ddf7560-ab51-4380-a767-31cb22d4d5b8" testId="cb5c20dc-2273-587d-bb5e-bb87597ef584" testName="Sonda.Access.Tests.ProvisioningTests.Concurrent_identical_commands_create_one_application_and_audit" computerName="ASUSPROART" duration="00:00:00.0652591" startTime="2026-09-24T10:52:36.2085920-04:00" endTime="2026-09-24T10:52:36.2743230-04:00" testType="13cdc9d9-ddb5-4fa4-a97d-d965ccfc6d4b" outcome="Passed" testListId="8c84fa94-04c1-424b-9868-57a2d4851a1d" relativeResultsDirectory="2ddf7560-ab51-4380-a767-31cb22d4d5b8" />
    <UnitTestResult executionId="a2e00a3e-61f7-47a4-8ea7-000e6dc19f92" testId="997d6136-d4ce-7c8b-f669-d0e91b353f18" testName="Sonda.Access.Tests.MonitoringPathTests.Rejects_ambiguous_or_outside_paths(path: &quot;C:/synthetic-logs&quot;)" computerName="ASUSPROART" duration="00:00:00.0000201" startTime="2026-09-24T10:52:28.0846254-04:00" endTime="2026-09-24T10:52:28.0846913-04:00" testType="13cdc9d9-ddb5-4fa4-a97d-d965ccfc6d4b" outcome="Passed" testListId="8c84fa94-04c1-424b-9868-57a2d4851a1d" relativeResultsDirectory="a2e00a3e-61f7-47a4-8ea7-000e6dc19f92" />
    <UnitTestResult executionId="08edaf70-be95-44d5-9219-c5ec8f2776e9" testId="332b22f8-dcf6-e83f-6db0-8d226273c2e6" testName="Sonda.Access.Tests.MonitoringPathTests.Rejects_ambiguous_or_outside_paths(path: &quot;C:\\synthetic-logs-other&quot;)" computerName="ASUSPROART" duration="00:00:00.0000406" startTime="2026-09-24T10:52:28.0644328-04:00" endTime="2026-09-24T10:52:28.0644947-04:00" testType="13cdc9d9-ddb5-4fa4-a97d-d965ccfc6d4b" outcome="Passed" testListId="8c84fa94-04c1-424b-9868-57a2d4851a1d" relativeResultsDirectory="08edaf70-be95-44d5-9219-c5ec8f2776e9" />
    <UnitTestResult executionId="bc63fc3c-d6c6-446b-9e0e-062271f71735" testId="abba46b0-7b7f-84cf-c73d-ecf277bb516f" testName="Sonda.Access.Tests.ProvisioningTests.Allowed_unc_configuration_does_not_claim_share_capability_and_edits_require_revision" computerName="ASUSPROART" duration="00:00:00.1414941" startTime="2026-09-24T10:52:36.0662887-04:00" endTime="2026-09-24T10:52:36.2082784-04:00" testType="13cdc9d9-ddb5-4fa4-a97d-d965ccfc6d4b" outcome="Passed" testListId="8c84fa94-04c1-424b-9868-57a2d4851a1d" relativeResultsDirectory="bc63fc3c-d6c6-446b-9e0e-062271f71735" />
    <UnitTestResult executionId="918c743c-54de-4f64-88fc-2e27239e569c" testId="5296204c-ddd4-32cb-354e-4babbfaacb1e" testName="Sonda.Access.Tests.MonitoringPathTests.Rejects_ambiguous_or_outside_paths(path: &quot;\\\\fixture-server\\other\\approved&quot;)" computerName="ASUSPROART" duration="00:00:00.0000222" startTime="2026-09-24T10:52:28.0649136-04:00" endTime="2026-09-24T10:52:28.0649959-04:00" testType="13cdc9d9-ddb5-4fa4-a97d-d965ccfc6d4b" outcome="Passed" testListId="8c84fa94-04c1-424b-9868-57a2d4851a1d" relativeResultsDirectory="918c743c-54de-4f64-88fc-2e27239e569c" />
    <UnitTestResult executionId="2333e2cb-b157-4621-a7ee-a1b8b44b9b10" testId="a036f34d-4d07-47ab-4a69-a3c832e19d79" testName="Sonda.Access.Tests.MonitoringPathTests.Rejects_ambiguous_or_outside_paths(path: &quot;C:\\synthetic-logs\\test.log:secret&quot;)" computerName="ASUSPROART" duration="00:00:00.0000156" startTime="2026-09-24T10:52:28.0651500-04:00" endTime="2026-09-24T10:52:28.0652154-04:00" testType="13cdc9d9-ddb5-4fa4-a97d-d965ccfc6d4b" outcome="Passed" testListId="8c84fa94-04c1-424b-9868-57a2d4851a1d" relativeResultsDirectory="2333e2cb-b157-4621-a7ee-a1b8b44b9b10" />
    <UnitTestResult executionId="1120be44-522c-4062-a0a1-e30846d35e69" testId="17cec739-7779-e343-809b-a7267a6bdb86" testName="Sonda.Access.Tests.MonitoringPathTests.Empty_allowlist_fails_closed" computerName="ASUSPROART" duration="00:00:00.0010880" startTime="2026-09-24T10:52:28.0860599-04:00" endTime="2026-09-24T10:52:28.0861550-04:00" testType="13cdc9d9-ddb5-4fa4-a97d-d965ccfc6d4b" outcome="Passed" testListId="8c84fa94-04c1-424b-9868-57a2d4851a1d" relativeResultsDirectory="1120be44-522c-4062-a0a1-e30846d35e69" />
    <UnitTestResult executionId="f921fc46-5452-47f0-ae7c-c06704da9090" testId="b58fc089-e4e3-768c-453d-4c46526df9db" testName="Sonda.Access.Tests.MonitoringPathTests.Rejects_ambiguous_or_outside_paths(path: &quot;\\\\?\\C:\\synthetic-logs&quot;)" computerName="ASUSPROART" duration="00:00:00.0000148" startTime="2026-09-24T10:52:28.0836557-04:00" endTime="2026-09-24T10:52:28.0837317-04:00" testType="13cdc9d9-ddb5-4fa4-a97d-d965ccfc6d4b" outcome="Passed" testListId="8c84fa94-04c1-424b-9868-57a2d4851a1d" relativeResultsDirectory="f921fc46-5452-47f0-ae7c-c06704da9090" />
    <UnitTestResult executionId="15ce7ad3-08a8-4190-8870-3768ee7f3177" testId="66fc9884-ea61-dc0c-bdf0-1b063370c8ad" testName="Sonda.Access.Tests.MonitoringPathTests.Allowed_configuration_does_not_require_filesystem_access(path: &quot;C:\\synthetic-logs&quot;)" computerName="ASUSPROART" duration="00:00:00.4114670" startTime="2026-09-24T10:52:27.6081378-04:00" endTime="2026-09-24T10:52:28.0322829-04:00" testType="13cdc9d9-ddb5-4fa4-a97d-d965ccfc6d4b" outcome="Passed" testListId="8c84fa94-04c1-424b-9868-57a2d4851a1d" relativeResultsDirectory="15ce7ad3-08a8-4190-8870-3768ee7f3177" />
    <UnitTestResult executionId="41a4ba6d-c84a-4ba6-8355-7d35bc1996d1" testId="9b74f19c-f5ea-dce1-4317-d98b9c28793b" testName="Sonda.Access.Tests.MonitoringPathTests.Rejects_ambiguous_or_outside_paths(path: &quot;C:\\synthetic-logs\\NUL.log&quot;)" computerName="ASUSPROART" duration="00:00:00.0000206" startTime="2026-09-24T10:52:28.0824484-04:00" endTime="2026-09-24T10:52:28.0826158-04:00" testType="13cdc9d9-ddb5-4fa4-a97d-d965ccfc6d4b" outcome="Passed" testListId="8c84fa94-04c1-424b-9868-57a2d4851a1d" relativeResultsDirectory="41a4ba6d-c84a-4ba6-8355-7d35bc1996d1" />
    <UnitTestResult executionId="397cb314-9fa2-4d14-b570-005acc33aaec" testId="6453f5b4-c417-7d83-65ae-830a82290766" testName="Sonda.Access.Tests.MonitoringPathTests.Allowed_configuration_does_not_require_filesystem_access(path: &quot;c:\\SYNTHETIC-LOGS\\CAM&quot;)" computerName="ASUSPROART" duration="00:00:00.0006223" startTime="2026-09-24T10:52:28.0596131-04:00" endTime="2026-09-24T10:52:28.0598121-04:00" testType="13cdc9d9-ddb5-4fa4-a97d-d965ccfc6d4b" outcome="Passed" testListId="8c84fa94-04c1-424b-9868-57a2d4851a1d" relativeResultsDirectory="397cb314-9fa2-4d14-b570-005acc33aaec" />
    <UnitTestResult executionId="30705c7f-c4bb-4495-a5af-35a5c58a4dd3" testId="5e2f02b9-83c2-157c-1fc1-e5b08f854bf1" testName="Sonda.Access.Tests.ProvisioningTests.Commit_then_lost_acknowledgment_replays_after_new_store_instance" computerName="ASUSPROART" duration="00:00:00.0413192" startTime="2026-09-24T10:52:36.4520940-04:00" endTime="2026-09-24T10:52:36.4938926-04:00" testType="13cdc9d9-ddb5-4fa4-a97d-d965ccfc6d4b" outcome="Passed" testListId="8c84fa94-04c1-424b-9868-57a2d4851a1d" relativeResultsDirectory="30705c7f-c4bb-4495-a5af-35a5c58a4dd3" />
    <UnitTestResult executionId="c04acf08-669b-45f7-b6d9-350e4ccdc1a8" testId="1a663c6d-d5bd-a121-cbfe-d16831b06beb" testName="Sonda.Access.Tests.MonitoringPathTests.Rejects_ambiguous_or_outside_paths(path: &quot;C:synthetic-logs&quot;)" computerName="ASUSPROART" duration="00:00:00.0000333" startTime="2026-09-24T10:52:28.0854848-04:00" endTime="2026-09-24T10:52:28.0856072-04:00" testType="13cdc9d9-ddb5-4fa4-a97d-d965ccfc6d4b" outcome="Passed" testListId="8c84fa94-04c1-424b-9868-57a2d4851a1d" relativeResultsDirectory="c04acf08-669b-45f7-b6d9-350e4ccdc1a8" />
    <UnitTestResult executionId="7ad50b34-636f-4c65-a344-43056331369c" testId="72e70f74-e586-6bcc-38de-868ca0bf3ef7" testName="Sonda.Access.Tests.ProvisioningTests.Member_cannot_provision_even_with_spoofed_role" computerName="ASUSPROART" duration="00:00:00.0210109" startTime="2026-09-24T10:52:36.0442202-04:00" endTime="2026-09-24T10:52:36.0658865-04:00" testType="13cdc9d9-ddb5-4fa4-a97d-d965ccfc6d4b" outcome="Passed" testListId="8c84fa94-04c1-424b-9868-57a2d4851a1d" relativeResultsDirectory="7ad50b34-636f-4c65-a344-43056331369c" />
    <UnitTestResult executionId="cbf5e49e-f8f5-4ed8-bdf1-d43efbd3663d" testId="ac910b01-c9a4-aa9c-a228-c3eb1adcbcaf" testName="Sonda.Access.Tests.ProvisioningTests.Admin_creates_inactive_configuration_without_publication_or_runtime" computerName="ASUSPROART" duration="00:00:00.4262659" startTime="2026-09-24T10:52:35.6170161-04:00" endTime="2026-09-24T10:52:36.0439202-04:00" testType="13cdc9d9-ddb5-4fa4-a97d-d965ccfc6d4b" outcome="Passed" testListId="8c84fa94-04c1-424b-9868-57a2d4851a1d" relativeResultsDirectory="cbf5e49e-f8f5-4ed8-bdf1-d43efbd3663d" />
    <UnitTestResult executionId="7e2507fb-bb13-4f2b-bb35-9e7a5e3a3dd5" testId="0b6ee3e4-e610-d404-2898-8b53fb6e252e" testName="Sonda.Access.Tests.MonitoringPathTests.Rejects_ambiguous_or_outside_paths(path: &quot;\\\\.\\C:\\synthetic-logs&quot;)" computerName="ASUSPROART" duration="00:00:00.0022356" startTime="2026-09-24T10:52:28.0638937-04:00" endTime="2026-09-24T10:52:28.0639941-04:00" testType="13cdc9d9-ddb5-4fa4-a97d-d965ccfc6d4b" outcome="Passed" testListId="8c84fa94-04c1-424b-9868-57a2d4851a1d" relativeResultsDirectory="7e2507fb-bb13-4f2b-bb35-9e7a5e3a3dd5" />
    <UnitTestResult executionId="5138d5d6-dabf-4441-9640-1438d4641678" testId="a1b7b5fb-d09f-ff6e-9072-3bd2c0499993" testName="Sonda.Access.Tests.ProvisioningTests.Access_migration_does_not_change_core_chain" computerName="ASUSPROART" duration="00:00:00.1079914" startTime="2026-09-24T10:52:36.3429786-04:00" endTime="2026-09-24T10:52:36.4517018-04:00" testType="13cdc9d9-ddb5-4fa4-a97d-d965ccfc6d4b" outcome="Passed" testListId="8c84fa94-04c1-424b-9868-57a2d4851a1d" relativeResultsDirectory="5138d5d6-dabf-4441-9640-1438d4641678" />
    <UnitTestResult executionId="ee34be98-84db-4ae0-bac0-ccaad5412518" testId="d1bb3b85-5aea-bbe7-d317-119c15165a90" testName="Sonda.Access.Tests.MonitoringPathTests.Rejects_ambiguous_or_outside_paths(path: &quot;\\\\fixture-server\\logs\\approved-extra&quot;)" computerName="ASUSPROART" duration="00:00:00.0001123" startTime="2026-09-24T10:52:28.0848105-04:00" endTime="2026-09-24T10:52:28.0850017-04:00" testType="13cdc9d9-ddb5-4fa4-a97d-d965ccfc6d4b" outcome="Passed" testListId="8c84fa94-04c1-424b-9868-57a2d4851a1d" relativeResultsDirectory="ee34be98-84db-4ae0-bac0-ccaad5412518" />
    <UnitTestResult executionId="1790b24d-760b-47e4-8d51-e63aca046df1" testId="12d2a213-72fc-8829-4e79-55228f22a4dc" testName="Sonda.Access.Tests.MonitoringPathTests.Auxiliary_manifest_cannot_escape_allowlist" computerName="ASUSPROART" duration="00:00:00.0004854" startTime="2026-09-24T10:52:28.0863993-04:00" endTime="2026-09-24T10:52:28.0865008-04:00" testType="13cdc9d9-ddb5-4fa4-a97d-d965ccfc6d4b" outcome="Passed" testListId="8c84fa94-04c1-424b-9868-57a2d4851a1d" relativeResultsDirectory="1790b24d-760b-47e4-8d51-e63aca046df1" />
    <UnitTestResult executionId="38aa9e81-e70d-4c37-9ff4-c9a3f405e645" testId="20241d31-ae46-dfa8-4dc6-3efc8b7a1f88" testName="Sonda.Access.Tests.MonitoringPathTests.Rejects_ambiguous_or_outside_paths(path: &quot;C:\\synthetic-logs\\folder &quot;)" computerName="ASUSPROART" duration="00:00:00.0000135" startTime="2026-09-24T10:52:28.0840997-04:00" endTime="2026-09-24T10:52:28.0843729-04:00" testType="13cdc9d9-ddb5-4fa4-a97d-d965ccfc6d4b" outcome="Passed" testListId="8c84fa94-04c1-424b-9868-57a2d4851a1d" relativeResultsDirectory="38aa9e81-e70d-4c37-9ff4-c9a3f405e645" />
    <UnitTestResult executionId="f435e9ab-07be-487a-8ee8-f56253cc1dee" testId="3d6f1691-59de-10e7-f164-e8c89a56f223" testName="Sonda.Access.Tests.MonitoringPathTests.Rejects_ambiguous_or_outside_paths(path: &quot;C:\\synthetic-logs\\folder.&quot;)" computerName="ASUSPROART" duration="00:00:00.0000246" startTime="2026-09-24T10:52:28.0646037-04:00" endTime="2026-09-24T10:52:28.0646651-04:00" testType="13cdc9d9-ddb5-4fa4-a97d-d965ccfc6d4b" outcome="Passed" testListId="8c84fa94-04c1-424b-9868-57a2d4851a1d" relativeResultsDirectory="f435e9ab-07be-487a-8ee8-f56253cc1dee" />
  </Results>
  <TestDefinitions>
    <UnitTest name="Sonda.Access.Tests.ProvisioningTests.Conflicting_reuse_and_cross_actor_reuse_are_rejected" storage="c:\saproductions\sonda\tests\sonda.access.tests\bin\debug\net10.0\sonda.access.tests.dll" id="cb4e54ec-1a62-f8ff-aefd-3326dfd7f67e">
      <Execution id="f58b8271-d184-4812-8918-5d3b43b1a8dd" />
      <TestMethod codeBase="C:\SaProductions\Sonda\tests\Sonda.Access.Tests\bin\Debug\net10.0\Sonda.Access.Tests.dll" adapterTypeName="executor://xunit/VsTestRunner3/netcore/" className="Sonda.Access.Tests.ProvisioningTests" name="Conflicting_reuse_and_cross_actor_reuse_are_rejected" />
    </UnitTest>
    <UnitTest name="Sonda.Access.Tests.ProvisioningTests.Commit_then_lost_acknowledgment_replays_after_new_store_instance" storage="c:\saproductions\sonda\tests\sonda.access.tests\bin\debug\net10.0\sonda.access.tests.dll" id="5e2f02b9-83c2-157c-1fc1-e5b08f854bf1">
      <Execution id="30705c7f-c4bb-4495-a5af-35a5c58a4dd3" />
      <TestMethod codeBase="C:\SaProductions\Sonda\tests\Sonda.Access.Tests\bin\Debug\net10.0\Sonda.Access.Tests.dll" adapterTypeName="executor://xunit/VsTestRunner3/netcore/" className="Sonda.Access.Tests.ProvisioningTests" name="Commit_then_lost_acknowledgment_replays_after_new_store_instance" />
    </UnitTest>
    <UnitTest name="Sonda.Access.Tests.MonitoringPathTests.Rejects_ambiguous_or_outside_paths(path: &quot;\\\\other-server\\logs\\approved&quot;)" storage="c:\saproductions\sonda\tests\sonda.access.tests\bin\debug\net10.0\sonda.access.tests.dll" id="0f1f587f-8d2c-dfed-f448-883a8219da36">
      <Execution id="11fde0be-27fe-4dcb-9d60-81f3617a418b" />
      <TestMethod codeBase="C:\SaProductions\Sonda\tests\Sonda.Access.Tests\bin\Debug\net10.0\Sonda.Access.Tests.dll" adapterTypeName="executor://xunit/VsTestRunner3/netcore/" className="Sonda.Access.Tests.MonitoringPathTests" name="Rejects_ambiguous_or_outside_paths" />
    </UnitTest>
    <UnitTest name="Sonda.Access.Tests.MonitoringPathTests.Rejects_ambiguous_or_outside_paths(path: &quot;\\\\fixture-server\\other\\approved&quot;)" storage="c:\saproductions\sonda\tests\sonda.access.tests\bin\debug\net10.0\sonda.access.tests.dll" id="5296204c-ddd4-32cb-354e-4babbfaacb1e">
      <Execution id="918c743c-54de-4f64-88fc-2e27239e569c" />
      <TestMethod codeBase="C:\SaProductions\Sonda\tests\Sonda.Access.Tests\bin\Debug\net10.0\Sonda.Access.Tests.dll" adapterTypeName="executor://xunit/VsTestRunner3/netcore/" className="Sonda.Access.Tests.MonitoringPathTests" name="Rejects_ambiguous_or_outside_paths" />
    </UnitTest>
    <UnitTest name="Sonda.Access.Tests.ProvisioningTests.Foreign_parent_is_indistinguishable_from_missing_parent" storage="c:\saproductions\sonda\tests\sonda.access.tests\bin\debug\net10.0\sonda.access.tests.dll" id="8bcc4b4d-59a3-9e5d-ad73-67ddf8c98112">
      <Execution id="72383948-ad2e-4d5e-b451-5dcae53ba142" />
      <TestMethod codeBase="C:\SaProductions\Sonda\tests\Sonda.Access.Tests\bin\Debug\net10.0\Sonda.Access.Tests.dll" adapterTypeName="executor://xunit/VsTestRunner3/netcore/" className="Sonda.Access.Tests.ProvisioningTests" name="Foreign_parent_is_indistinguishable_from_missing_parent" />
    </UnitTest>
    <UnitTest name="Sonda.Access.Tests.MonitoringPathTests.Rejects_ambiguous_or_outside_paths(path: &quot;C:/synthetic-logs&quot;)" storage="c:\saproductions\sonda\tests\sonda.access.tests\bin\debug\net10.0\sonda.access.tests.dll" id="997d6136-d4ce-7c8b-f669-d0e91b353f18">
      <Execution id="a2e00a3e-61f7-47a4-8ea7-000e6dc19f92" />
      <TestMethod codeBase="C:\SaProductions\Sonda\tests\Sonda.Access.Tests\bin\Debug\net10.0\Sonda.Access.Tests.dll" adapterTypeName="executor://xunit/VsTestRunner3/netcore/" className="Sonda.Access.Tests.MonitoringPathTests" name="Rejects_ambiguous_or_outside_paths" />
    </UnitTest>
    <UnitTest name="Sonda.Access.Tests.MonitoringPathTests.Allowed_configuration_does_not_require_filesystem_access(path: &quot;\\\\fixture-server\\logs\\approved\\CAM&quot;)" storage="c:\saproductions\sonda\tests\sonda.access.tests\bin\debug\net10.0\sonda.access.tests.dll" id="2a435d3d-7ceb-c13a-0e22-1a5112ccf84b">
      <Execution id="068a085f-bac7-4efa-8f4b-d4b44e728f35" />
      <TestMethod codeBase="C:\SaProductions\Sonda\tests\Sonda.Access.Tests\bin\Debug\net10.0\Sonda.Access.Tests.dll" adapterTypeName="executor://xunit/VsTestRunner3/netcore/" className="Sonda.Access.Tests.MonitoringPathTests" name="Allowed_configuration_does_not_require_filesystem_access" />
    </UnitTest>
    <UnitTest name="Sonda.Access.Tests.ProvisioningTests.Access_migration_does_not_change_core_chain" storage="c:\saproductions\sonda\tests\sonda.access.tests\bin\debug\net10.0\sonda.access.tests.dll" id="a1b7b5fb-d09f-ff6e-9072-3bd2c0499993">
      <Execution id="5138d5d6-dabf-4441-9640-1438d4641678" />
      <TestMethod codeBase="C:\SaProductions\Sonda\tests\Sonda.Access.Tests\bin\Debug\net10.0\Sonda.Access.Tests.dll" adapterTypeName="executor://xunit/VsTestRunner3/netcore/" className="Sonda.Access.Tests.ProvisioningTests" name="Access_migration_does_not_change_core_chain" />
    </UnitTest>
    <UnitTest name="Sonda.Access.Tests.MonitoringPathTests.Empty_allowlist_fails_closed" storage="c:\saproductions\sonda\tests\sonda.access.tests\bin\debug\net10.0\sonda.access.tests.dll" id="17cec739-7779-e343-809b-a7267a6bdb86">
      <Execution id="1120be44-522c-4062-a0a1-e30846d35e69" />
      <TestMethod codeBase="C:\SaProductions\Sonda\tests\Sonda.Access.Tests\bin\Debug\net10.0\Sonda.Access.Tests.dll" adapterTypeName="executor://xunit/VsTestRunner3/netcore/" className="Sonda.Access.Tests.MonitoringPathTests" name="Empty_allowlist_fails_closed" />
    </UnitTest>
    <UnitTest name="Sonda.Access.Tests.MonitoringPathTests.Rejects_ambiguous_or_outside_paths(path: &quot;\\\\fixture-server\\logs\\approved-extra&quot;)" storage="c:\saproductions\sonda\tests\sonda.access.tests\bin\debug\net10.0\sonda.access.tests.dll" id="d1bb3b85-5aea-bbe7-d317-119c15165a90">
      <Execution id="ee34be98-84db-4ae0-bac0-ccaad5412518" />
      <TestMethod codeBase="C:\SaProductions\Sonda\tests\Sonda.Access.Tests\bin\Debug\net10.0\Sonda.Access.Tests.dll" adapterTypeName="executor://xunit/VsTestRunner3/netcore/" className="Sonda.Access.Tests.MonitoringPathTests" name="Rejects_ambiguous_or_outside_paths" />
    </UnitTest>
    <UnitTest name="Sonda.Access.Tests.MonitoringPathTests.Rejects_ambiguous_or_outside_paths(path: &quot;C:\\synthetic-logs\\folder &quot;)" storage="c:\saproductions\sonda\tests\sonda.access.tests\bin\debug\net10.0\sonda.access.tests.dll" id="20241d31-ae46-dfa8-4dc6-3efc8b7a1f88">
      <Execution id="38aa9e81-e70d-4c37-9ff4-c9a3f405e645" />
      <TestMethod codeBase="C:\SaProductions\Sonda\tests\Sonda.Access.Tests\bin\Debug\net10.0\Sonda.Access.Tests.dll" adapterTypeName="executor://xunit/VsTestRunner3/netcore/" className="Sonda.Access.Tests.MonitoringPathTests" name="Rejects_ambiguous_or_outside_paths" />
    </UnitTest>
    <UnitTest name="Sonda.Access.Tests.MonitoringPathTests.Rejects_ambiguous_or_outside_paths(path: &quot;\\\\?\\C:\\synthetic-logs&quot;)" storage="c:\saproductions\sonda\tests\sonda.access.tests\bin\debug\net10.0\sonda.access.tests.dll" id="b58fc089-e4e3-768c-453d-4c46526df9db">
      <Execution id="f921fc46-5452-47f0-ae7c-c06704da9090" />
      <TestMethod codeBase="C:\SaProductions\Sonda\tests\Sonda.Access.Tests\bin\Debug\net10.0\Sonda.Access.Tests.dll" adapterTypeName="executor://xunit/VsTestRunner3/netcore/" className="Sonda.Access.Tests.MonitoringPathTests" name="Rejects_ambiguous_or_outside_paths" />
    </UnitTest>
    <UnitTest name="Sonda.Access.Tests.MonitoringPathTests.Rejects_ambiguous_or_outside_paths(path: &quot;C:\\synthetic-logs\\..\\private&quot;)" storage="c:\saproductions\sonda\tests\sonda.access.tests\bin\debug\net10.0\sonda.access.tests.dll" id="b39c7b8d-eb66-f8f6-e07b-d1b8d4849174">
      <Execution id="d77b7cc4-5ee2-498b-ba14-050dda6b8693" />
      <TestMethod codeBase="C:\SaProductions\Sonda\tests\Sonda.Access.Tests\bin\Debug\net10.0\Sonda.Access.Tests.dll" adapterTypeName="executor://xunit/VsTestRunner3/netcore/" className="Sonda.Access.Tests.MonitoringPathTests" name="Rejects_ambiguous_or_outside_paths" />
    </UnitTest>
    <UnitTest name="Sonda.Access.Tests.MonitoringPathTests.Rejects_ambiguous_or_outside_paths(path: &quot;C:\\synthetic-logs\\test.log:secret&quot;)" storage="c:\saproductions\sonda\tests\sonda.access.tests\bin\debug\net10.0\sonda.access.tests.dll" id="a036f34d-4d07-47ab-4a69-a3c832e19d79">
      <Execution id="2333e2cb-b157-4621-a7ee-a1b8b44b9b10" />
      <TestMethod codeBase="C:\SaProductions\Sonda\tests\Sonda.Access.Tests\bin\Debug\net10.0\Sonda.Access.Tests.dll" adapterTypeName="executor://xunit/VsTestRunner3/netcore/" className="Sonda.Access.Tests.MonitoringPathTests" name="Rejects_ambiguous_or_outside_paths" />
    </UnitTest>
    <UnitTest name="Sonda.Access.Tests.MonitoringPathTests.Allowed_configuration_does_not_require_filesystem_access(path: &quot;c:\\SYNTHETIC-LOGS\\CAM&quot;)" storage="c:\saproductions\sonda\tests\sonda.access.tests\bin\debug\net10.0\sonda.access.tests.dll" id="6453f5b4-c417-7d83-65ae-830a82290766">
      <Execution id="397cb314-9fa2-4d14-b570-005acc33aaec" />
      <TestMethod codeBase="C:\SaProductions\Sonda\tests\Sonda.Access.Tests\bin\Debug\net10.0\Sonda.Access.Tests.dll" adapterTypeName="executor://xunit/VsTestRunner3/netcore/" className="Sonda.Access.Tests.MonitoringPathTests" name="Allowed_configuration_does_not_require_filesystem_access" />
    </UnitTest>
    <UnitTest name="Sonda.Access.Tests.MonitoringPathTests.Allowed_configuration_does_not_require_filesystem_access(path: &quot;C:\\synthetic-logs&quot;)" storage="c:\saproductions\sonda\tests\sonda.access.tests\bin\debug\net10.0\sonda.access.tests.dll" id="66fc9884-ea61-dc0c-bdf0-1b063370c8ad">
      <Execution id="15ce7ad3-08a8-4190-8870-3768ee7f3177" />
      <TestMethod codeBase="C:\SaProductions\Sonda\tests\Sonda.Access.Tests\bin\Debug\net10.0\Sonda.Access.Tests.dll" adapterTypeName="executor://xunit/VsTestRunner3/netcore/" className="Sonda.Access.Tests.MonitoringPathTests" name="Allowed_configuration_does_not_require_filesystem_access" />
    </UnitTest>
    <UnitTest name="Sonda.Access.Tests.ProvisioningTests.Allowed_unc_configuration_does_not_claim_share_capability_and_edits_require_revision" storage="c:\saproductions\sonda\tests\sonda.access.tests\bin\debug\net10.0\sonda.access.tests.dll" id="abba46b0-7b7f-84cf-c73d-ecf277bb516f">
      <Execution id="bc63fc3c-d6c6-446b-9e0e-062271f71735" />
      <TestMethod codeBase="C:\SaProductions\Sonda\tests\Sonda.Access.Tests\bin\Debug\net10.0\Sonda.Access.Tests.dll" adapterTypeName="executor://xunit/VsTestRunner3/netcore/" className="Sonda.Access.Tests.ProvisioningTests" name="Allowed_unc_configuration_does_not_claim_share_capability_and_edits_require_revision" />
    </UnitTest>
    <UnitTest name="Sonda.Access.Tests.RuntimeRoleTests.Least_privilege_role_can_provision_but_cannot_change_schema_and_audit_failure_rolls_back_core" storage="c:\saproductions\sonda\tests\sonda.access.tests\bin\debug\net10.0\sonda.access.tests.dll" id="98bfecb7-3e97-3fbf-4666-4ae12bf94870">
      <Execution id="39135474-a5de-425f-9548-e9e99b2ad2d1" />
      <TestMethod codeBase="C:\SaProductions\Sonda\tests\Sonda.Access.Tests\bin\Debug\net10.0\Sonda.Access.Tests.dll" adapterTypeName="executor://xunit/VsTestRunner3/netcore/" className="Sonda.Access.Tests.RuntimeRoleTests" name="Least_privilege_role_can_provision_but_cannot_change_schema_and_audit_failure_rolls_back_core" />
    </UnitTest>
    <UnitTest name="Sonda.Access.Tests.MonitoringPathTests.Rejects_ambiguous_or_outside_paths(path: &quot;C:synthetic-logs&quot;)" storage="c:\saproductions\sonda\tests\sonda.access.tests\bin\debug\net10.0\sonda.access.tests.dll" id="1a663c6d-d5bd-a121-cbfe-d16831b06beb">
      <Execution id="c04acf08-669b-45f7-b6d9-350e4ccdc1a8" />
      <TestMethod codeBase="C:\SaProductions\Sonda\tests\Sonda.Access.Tests\bin\Debug\net10.0\Sonda.Access.Tests.dll" adapterTypeName="executor://xunit/VsTestRunner3/netcore/" className="Sonda.Access.Tests.MonitoringPathTests" name="Rejects_ambiguous_or_outside_paths" />
    </UnitTest>
    <UnitTest name="Sonda.Access.Tests.MonitoringPathTests.Rejects_ambiguous_or_outside_paths(path: &quot;\\\\.\\C:\\synthetic-logs&quot;)" storage="c:\saproductions\sonda\tests\sonda.access.tests\bin\debug\net10.0\sonda.access.tests.dll" id="0b6ee3e4-e610-d404-2898-8b53fb6e252e">
      <Execution id="7e2507fb-bb13-4f2b-bb35-9e7a5e3a3dd5" />
      <TestMethod codeBase="C:\SaProductions\Sonda\tests\Sonda.Access.Tests\bin\Debug\net10.0\Sonda.Access.Tests.dll" adapterTypeName="executor://xunit/VsTestRunner3/netcore/" className="Sonda.Access.Tests.MonitoringPathTests" name="Rejects_ambiguous_or_outside_paths" />
    </UnitTest>
    <UnitTest name="Sonda.Access.Tests.MonitoringPathTests.Rejects_ambiguous_or_outside_paths(path: &quot;C:\\synthetic-logs\\NUL.log&quot;)" storage="c:\saproductions\sonda\tests\sonda.access.tests\bin\debug\net10.0\sonda.access.tests.dll" id="9b74f19c-f5ea-dce1-4317-d98b9c28793b">
      <Execution id="41a4ba6d-c84a-4ba6-8355-7d35bc1996d1" />
      <TestMethod codeBase="C:\SaProductions\Sonda\tests\Sonda.Access.Tests\bin\Debug\net10.0\Sonda.Access.Tests.dll" adapterTypeName="executor://xunit/VsTestRunner3/netcore/" className="Sonda.Access.Tests.MonitoringPathTests" name="Rejects_ambiguous_or_outside_paths" />
    </UnitTest>
    <UnitTest name="Sonda.Access.Tests.ProvisioningTests.Concurrent_identical_commands_create_one_application_and_audit" storage="c:\saproductions\sonda\tests\sonda.access.tests\bin\debug\net10.0\sonda.access.tests.dll" id="cb5c20dc-2273-587d-bb5e-bb87597ef584">
      <Execution id="2ddf7560-ab51-4380-a767-31cb22d4d5b8" />
      <TestMethod codeBase="C:\SaProductions\Sonda\tests\Sonda.Access.Tests\bin\Debug\net10.0\Sonda.Access.Tests.dll" adapterTypeName="executor://xunit/VsTestRunner3/netcore/" className="Sonda.Access.Tests.ProvisioningTests" name="Concurrent_identical_commands_create_one_application_and_audit" />
    </UnitTest>
    <UnitTest name="Sonda.Access.Tests.MonitoringPathTests.Rejects_ambiguous_or_outside_paths(path: &quot;C:\\synthetic-logs-other&quot;)" storage="c:\saproductions\sonda\tests\sonda.access.tests\bin\debug\net10.0\sonda.access.tests.dll" id="332b22f8-dcf6-e83f-6db0-8d226273c2e6">
      <Execution id="08edaf70-be95-44d5-9219-c5ec8f2776e9" />
      <TestMethod codeBase="C:\SaProductions\Sonda\tests\Sonda.Access.Tests\bin\Debug\net10.0\Sonda.Access.Tests.dll" adapterTypeName="executor://xunit/VsTestRunner3/netcore/" className="Sonda.Access.Tests.MonitoringPathTests" name="Rejects_ambiguous_or_outside_paths" />
    </UnitTest>
    <UnitTest name="Sonda.Access.Tests.MonitoringPathTests.Auxiliary_manifest_cannot_escape_allowlist" storage="c:\saproductions\sonda\tests\sonda.access.tests\bin\debug\net10.0\sonda.access.tests.dll" id="12d2a213-72fc-8829-4e79-55228f22a4dc">
      <Execution id="1790b24d-760b-47e4-8d51-e63aca046df1" />
      <TestMethod codeBase="C:\SaProductions\Sonda\tests\Sonda.Access.Tests\bin\Debug\net10.0\Sonda.Access.Tests.dll" adapterTypeName="executor://xunit/VsTestRunner3/netcore/" className="Sonda.Access.Tests.MonitoringPathTests" name="Auxiliary_manifest_cannot_escape_allowlist" />
    </UnitTest>
    <UnitTest name="Sonda.Access.Tests.ProvisioningTests.Admin_creates_inactive_configuration_without_publication_or_runtime" storage="c:\saproductions\sonda\tests\sonda.access.tests\bin\debug\net10.0\sonda.access.tests.dll" id="ac910b01-c9a4-aa9c-a228-c3eb1adcbcaf">
      <Execution id="cbf5e49e-f8f5-4ed8-bdf1-d43efbd3663d" />
      <TestMethod codeBase="C:\SaProductions\Sonda\tests\Sonda.Access.Tests\bin\Debug\net10.0\Sonda.Access.Tests.dll" adapterTypeName="executor://xunit/VsTestRunner3/netcore/" className="Sonda.Access.Tests.ProvisioningTests" name="Admin_creates_inactive_configuration_without_publication_or_runtime" />
    </UnitTest>
    <UnitTest name="Sonda.Access.Tests.ProvisioningTests.Member_cannot_provision_even_with_spoofed_role" storage="c:\saproductions\sonda\tests\sonda.access.tests\bin\debug\net10.0\sonda.access.tests.dll" id="72e70f74-e586-6bcc-38de-868ca0bf3ef7">
      <Execution id="7ad50b34-636f-4c65-a344-43056331369c" />
      <TestMethod codeBase="C:\SaProductions\Sonda\tests\Sonda.Access.Tests\bin\Debug\net10.0\Sonda.Access.Tests.dll" adapterTypeName="executor://xunit/VsTestRunner3/netcore/" className="Sonda.Access.Tests.ProvisioningTests" name="Member_cannot_provision_even_with_spoofed_role" />
    </UnitTest>
    <UnitTest name="Sonda.Access.Tests.MonitoringPathTests.Rejects_ambiguous_or_outside_paths(path: &quot;C:\\synthetic-logs\\folder.&quot;)" storage="c:\saproductions\sonda\tests\sonda.access.tests\bin\debug\net10.0\sonda.access.tests.dll" id="3d6f1691-59de-10e7-f164-e8c89a56f223">
      <Execution id="f435e9ab-07be-487a-8ee8-f56253cc1dee" />
      <TestMethod codeBase="C:\SaProductions\Sonda\tests\Sonda.Access.Tests\bin\Debug\net10.0\Sonda.Access.Tests.dll" adapterTypeName="executor://xunit/VsTestRunner3/netcore/" className="Sonda.Access.Tests.MonitoringPathTests" name="Rejects_ambiguous_or_outside_paths" />
    </UnitTest>
  </TestDefinitions>
  <TestEntries>
    <TestEntry testId="2a435d3d-7ceb-c13a-0e22-1a5112ccf84b" executionId="068a085f-bac7-4efa-8f4b-d4b44e728f35" testListId="8c84fa94-04c1-424b-9868-57a2d4851a1d" />
    <TestEntry testId="cb4e54ec-1a62-f8ff-aefd-3326dfd7f67e" executionId="f58b8271-d184-4812-8918-5d3b43b1a8dd" testListId="8c84fa94-04c1-424b-9868-57a2d4851a1d" />
    <TestEntry testId="8bcc4b4d-59a3-9e5d-ad73-67ddf8c98112" executionId="72383948-ad2e-4d5e-b451-5dcae53ba142" testListId="8c84fa94-04c1-424b-9868-57a2d4851a1d" />
    <TestEntry testId="0f1f587f-8d2c-dfed-f448-883a8219da36" executionId="11fde0be-27fe-4dcb-9d60-81f3617a418b" testListId="8c84fa94-04c1-424b-9868-57a2d4851a1d" />
    <TestEntry testId="b39c7b8d-eb66-f8f6-e07b-d1b8d4849174" executionId="d77b7cc4-5ee2-498b-ba14-050dda6b8693" testListId="8c84fa94-04c1-424b-9868-57a2d4851a1d" />
    <TestEntry testId="98bfecb7-3e97-3fbf-4666-4ae12bf94870" executionId="39135474-a5de-425f-9548-e9e99b2ad2d1" testListId="8c84fa94-04c1-424b-9868-57a2d4851a1d" />
    <TestEntry testId="cb5c20dc-2273-587d-bb5e-bb87597ef584" executionId="2ddf7560-ab51-4380-a767-31cb22d4d5b8" testListId="8c84fa94-04c1-424b-9868-57a2d4851a1d" />
    <TestEntry testId="997d6136-d4ce-7c8b-f669-d0e91b353f18" executionId="a2e00a3e-61f7-47a4-8ea7-000e6dc19f92" testListId="8c84fa94-04c1-424b-9868-57a2d4851a1d" />
    <TestEntry testId="332b22f8-dcf6-e83f-6db0-8d226273c2e6" executionId="08edaf70-be95-44d5-9219-c5ec8f2776e9" testListId="8c84fa94-04c1-424b-9868-57a2d4851a1d" />
    <TestEntry testId="abba46b0-7b7f-84cf-c73d-ecf277bb516f" executionId="bc63fc3c-d6c6-446b-9e0e-062271f71735" testListId="8c84fa94-04c1-424b-9868-57a2d4851a1d" />
    <TestEntry testId="5296204c-ddd4-32cb-354e-4babbfaacb1e" executionId="918c743c-54de-4f64-88fc-2e27239e569c" testListId="8c84fa94-04c1-424b-9868-57a2d4851a1d" />
    <TestEntry testId="a036f34d-4d07-47ab-4a69-a3c832e19d79" executionId="2333e2cb-b157-4621-a7ee-a1b8b44b9b10" testListId="8c84fa94-04c1-424b-9868-57a2d4851a1d" />
    <TestEntry testId="17cec739-7779-e343-809b-a7267a6bdb86" executionId="1120be44-522c-4062-a0a1-e30846d35e69" testListId="8c84fa94-04c1-424b-9868-57a2d4851a1d" />
    <TestEntry testId="b58fc089-e4e3-768c-453d-4c46526df9db" executionId="f921fc46-5452-47f0-ae7c-c06704da9090" testListId="8c84fa94-04c1-424b-9868-57a2d4851a1d" />
    <TestEntry testId="66fc9884-ea61-dc0c-bdf0-1b063370c8ad" executionId="15ce7ad3-08a8-4190-8870-3768ee7f3177" testListId="8c84fa94-04c1-424b-9868-57a2d4851a1d" />
    <TestEntry testId="9b74f19c-f5ea-dce1-4317-d98b9c28793b" executionId="41a4ba6d-c84a-4ba6-8355-7d35bc1996d1" testListId="8c84fa94-04c1-424b-9868-57a2d4851a1d" />
    <TestEntry testId="6453f5b4-c417-7d83-65ae-830a82290766" executionId="397cb314-9fa2-4d14-b570-005acc33aaec" testListId="8c84fa94-04c1-424b-9868-57a2d4851a1d" />
    <TestEntry testId="5e2f02b9-83c2-157c-1fc1-e5b08f854bf1" executionId="30705c7f-c4bb-4495-a5af-35a5c58a4dd3" testListId="8c84fa94-04c1-424b-9868-57a2d4851a1d" />
    <TestEntry testId="1a663c6d-d5bd-a121-cbfe-d16831b06beb" executionId="c04acf08-669b-45f7-b6d9-350e4ccdc1a8" testListId="8c84fa94-04c1-424b-9868-57a2d4851a1d" />
    <TestEntry testId="72e70f74-e586-6bcc-38de-868ca0bf3ef7" executionId="7ad50b34-636f-4c65-a344-43056331369c" testListId="8c84fa94-04c1-424b-9868-57a2d4851a1d" />
    <TestEntry testId="ac910b01-c9a4-aa9c-a228-c3eb1adcbcaf" executionId="cbf5e49e-f8f5-4ed8-bdf1-d43efbd3663d" testListId="8c84fa94-04c1-424b-9868-57a2d4851a1d" />
    <TestEntry testId="0b6ee3e4-e610-d404-2898-8b53fb6e252e" executionId="7e2507fb-bb13-4f2b-bb35-9e7a5e3a3dd5" testListId="8c84fa94-04c1-424b-9868-57a2d4851a1d" />
    <TestEntry testId="a1b7b5fb-d09f-ff6e-9072-3bd2c0499993" executionId="5138d5d6-dabf-4441-9640-1438d4641678" testListId="8c84fa94-04c1-424b-9868-57a2d4851a1d" />
    <TestEntry testId="d1bb3b85-5aea-bbe7-d317-119c15165a90" executionId="ee34be98-84db-4ae0-bac0-ccaad5412518" testListId="8c84fa94-04c1-424b-9868-57a2d4851a1d" />
    <TestEntry testId="12d2a213-72fc-8829-4e79-55228f22a4dc" executionId="1790b24d-760b-47e4-8d51-e63aca046df1" testListId="8c84fa94-04c1-424b-9868-57a2d4851a1d" />
    <TestEntry testId="20241d31-ae46-dfa8-4dc6-3efc8b7a1f88" executionId="38aa9e81-e70d-4c37-9ff4-c9a3f405e645" testListId="8c84fa94-04c1-424b-9868-57a2d4851a1d" />
    <TestEntry testId="3d6f1691-59de-10e7-f164-e8c89a56f223" executionId="f435e9ab-07be-487a-8ee8-f56253cc1dee" testListId="8c84fa94-04c1-424b-9868-57a2d4851a1d" />
  </TestEntries>
  <TestLists>
    <TestList name="Results Not in a List" id="8c84fa94-04c1-424b-9868-57a2d4851a1d" />
    <TestList name="All Loaded Results" id="19431567-8539-422a-85d7-44ee4e166bda" />
  </TestLists>
  <ResultSummary outcome="Completed">
    <Counters total="27" executed="27" passed="27" failed="0" error="0" timeout="0" aborted="0" inconclusive="0" passedButRunAborted="0" notRunnable="0" notExecuted="0" disconnected="0" warning="0" completed="0" inProgress="0" pending="0" />
    <Output>
      <StdOut>[xUnit.net 00:00:00.00] xUnit.net VSTest Adapter v3.1.1+bf6400fd51 (64-bit .NET 10.0.12)&#xD;
[xUnit.net 00:00:01.05]   Discovering: Sonda.Access.Tests&#xD;
[xUnit.net 00:00:01.15]   Discovered:  Sonda.Access.Tests&#xD;
[xUnit.net 00:00:01.21]   Starting:    Sonda.Access.Tests&#xD;
[xUnit.net 00:00:10.49]   Finished:    Sonda.Access.Tests&#xD;
</StdOut>
    </Output>
  </ResultSummary>
</TestRun>