<?xml version="1.0" encoding="utf-8"?>
<TestRun id="0bfa5af9-7dec-41f3-bcf7-2bf9d3e3b3b6" name="sapro@ASUSPROART 2026-09-24 10:20:27" runUser="ASUSPROART\sapro" xmlns="http://microsoft.com/schemas/VisualStudio/TeamTest/2010">
  <Times creation="2026-09-24T10:20:27.3656194-04:00" queuing="2026-09-24T10:20:27.3656202-04:00" start="2026-09-24T10:20:15.4637204-04:00" finish="2026-09-24T10:21:04.3089555-04:00" />
  <TestSettings name="default" id="f82d1edb-999c-433a-807d-8093fad9f20c">
    <Deployment runDeploymentRoot="sapro_ASUSPROART_2026-09-24_10_20_27" />
  </TestSettings>
  <Results>
    <UnitTestResult executionId="3bf3c3af-53a6-4d7a-bd9f-1cddf8f804bb" testId="a23f403c-8808-e11a-45eb-8db26548d617" testName="Sonda.Api.Tests.SecurityTests.Every_protected_route_denies_anonymous_access_before_resource_binding" computerName="ASUSPROART" duration="00:00:01.1314602" startTime="2026-09-24T10:20:30.2199130-04:00" endTime="2026-09-24T10:20:31.3515445-04:00" testType="13cdc9d9-ddb5-4fa4-a97d-d965ccfc6d4b" outcome="Passed" testListId="8c84fa94-04c1-424b-9868-57a2d4851a1d" relativeResultsDirectory="3bf3c3af-53a6-4d7a-bd9f-1cddf8f804bb" />
    <UnitTestResult executionId="7fe3e6e9-efc9-49e9-a24a-4a67d026a004" testId="fc05ba29-58dd-977b-3b26-3193763a9c7d" testName="Sonda.Api.Tests.AccountTests.Concurrent_invitation_redemption_consumes_token_once" computerName="ASUSPROART" duration="00:00:00.6240892" startTime="2026-09-24T10:21:01.3476887-04:00" endTime="2026-09-24T10:21:01.9722404-04:00" testType="13cdc9d9-ddb5-4fa4-a97d-d965ccfc6d4b" outcome="Passed" testListId="8c84fa94-04c1-424b-9868-57a2d4851a1d" relativeResultsDirectory="7fe3e6e9-efc9-49e9-a24a-4a67d026a004" />
    <UnitTestResult executionId="a62ad9f7-5ec6-4e89-9a99-396669b5b628" testId="b9d81f0b-75da-4d60-55ed-bf6ef2e2c01b" testName="Sonda.Api.Tests.WorkflowTests.Crash_retry_uses_durable_intent_pending_and_receipt_without_duplicate_history(boundary: &quot;after-core-commit&quot;)" computerName="ASUSPROART" duration="00:00:00.9438465" startTime="2026-09-24T10:20:28.2037699-04:00" endTime="2026-09-24T10:20:29.1470281-04:00" testType="13cdc9d9-ddb5-4fa4-a97d-d965ccfc6d4b" outcome="Passed" testListId="8c84fa94-04c1-424b-9868-57a2d4851a1d" relativeResultsDirectory="a62ad9f7-5ec6-4e89-9a99-396669b5b628" />
    <UnitTestResult executionId="b2561bab-2465-409e-ba91-2543920660d3" testId="62a81a8d-e8a3-0558-616e-24421d61d037" testName="Sonda.Api.Tests.QueryTests.Foreign_session_cannot_be_used_to_investigate_runs" computerName="ASUSPROART" duration="00:00:00.6685761" startTime="2026-09-24T10:20:44.1361145-04:00" endTime="2026-09-24T10:20:44.8053505-04:00" testType="13cdc9d9-ddb5-4fa4-a97d-d965ccfc6d4b" outcome="Passed" testListId="8c84fa94-04c1-424b-9868-57a2d4851a1d" relativeResultsDirectory="b2561bab-2465-409e-ba91-2543920660d3" />
    <UnitTestResult executionId="edc7c63a-2a10-447b-a4b6-4a58d08c1946" testId="08f3dfc2-15c8-fc99-9a77-a596fd2af122" testName="Sonda.Api.Tests.SecurityTests.Logout_revokes_durable_session_and_denies_next_request" computerName="ASUSPROART" duration="00:00:00.9388137" startTime="2026-09-24T10:20:36.5917520-04:00" endTime="2026-09-24T10:20:37.5309978-04:00" testType="13cdc9d9-ddb5-4fa4-a97d-d965ccfc6d4b" outcome="Passed" testListId="8c84fa94-04c1-424b-9868-57a2d4851a1d" relativeResultsDirectory="edc7c63a-2a10-447b-a4b6-4a58d08c1946" />
    <UnitTestResult executionId="889a92e7-b16e-4182-b584-1b5fea034d7a" testId="256e51dc-3e0e-4a5a-6548-7651e4c18480" testName="Sonda.Api.Tests.QueryTests.Dashboard_matches_accepted_mixed_order_fixture" computerName="ASUSPROART" duration="00:00:00.6781909" startTime="2026-09-24T10:20:45.5198539-04:00" endTime="2026-09-24T10:20:46.1991277-04:00" testType="13cdc9d9-ddb5-4fa4-a97d-d965ccfc6d4b" outcome="Passed" testListId="8c84fa94-04c1-424b-9868-57a2d4851a1d" relativeResultsDirectory="889a92e7-b16e-4182-b584-1b5fea034d7a" />
    <UnitTestResult executionId="34cb2460-03d0-45a2-9be5-8fd042e27fe0" testId="3eb1bf74-204a-afd4-2c2b-964e2a8c4b7d" testName="Sonda.Api.Tests.SecurityTests.Unknown_authority_fields_and_cross_origin_mutation_are_rejected" computerName="ASUSPROART" duration="00:00:00.9343081" startTime="2026-09-24T10:20:38.8284388-04:00" endTime="2026-09-24T10:20:39.7631274-04:00" testType="13cdc9d9-ddb5-4fa4-a97d-d965ccfc6d4b" outcome="Passed" testListId="8c84fa94-04c1-424b-9868-57a2d4851a1d" relativeResultsDirectory="34cb2460-03d0-45a2-9be5-8fd042e27fe0" />
    <UnitTestResult executionId="bb9bfabb-ea60-43a9-a8ea-41a350dfc4e8" testId="3c4d3961-e9ed-b6fa-cb4c-4a873d0f7418" testName="Sonda.Api.Tests.SecurityTests.Missing_expected_revision_is_not_interpreted_as_zero" computerName="ASUSPROART" duration="00:00:00.9224026" startTime="2026-09-24T10:20:42.3037276-04:00" endTime="2026-09-24T10:20:43.2270961-04:00" testType="13cdc9d9-ddb5-4fa4-a97d-d965ccfc6d4b" outcome="Passed" testListId="8c84fa94-04c1-424b-9868-57a2d4851a1d" relativeResultsDirectory="bb9bfabb-ea60-43a9-a8ea-41a350dfc4e8" />
    <UnitTestResult executionId="6eb363de-5dfd-4583-aebf-8f0f2c40d5d3" testId="ab5fd4da-3362-7a7d-cefb-0db266a9c896" testName="Sonda.Api.Tests.QueryTests.Unregistered_simulator_data_does_not_appear_in_dashboard_or_search" computerName="ASUSPROART" duration="00:00:00.9067079" startTime="2026-09-24T10:20:43.2276617-04:00" endTime="2026-09-24T10:20:44.1356919-04:00" testType="13cdc9d9-ddb5-4fa4-a97d-d965ccfc6d4b" outcome="Passed" testListId="8c84fa94-04c1-424b-9868-57a2d4851a1d" relativeResultsDirectory="6eb363de-5dfd-4583-aebf-8f0f2c40d5d3" />
    <UnitTestResult executionId="5e3776cc-301e-41a7-94f5-0679c7b81110" testId="8d6e010b-f31c-fe5c-21d1-8ccb15a53355" testName="Sonda.Api.Tests.QueryTests.Search_pages_once_per_evidence_and_rejects_filter_or_team_cursor_reuse" computerName="ASUSPROART" duration="00:00:00.7131536" startTime="2026-09-24T10:20:44.8058057-04:00" endTime="2026-09-24T10:20:45.5194879-04:00" testType="13cdc9d9-ddb5-4fa4-a97d-d965ccfc6d4b" outcome="Passed" testListId="8c84fa94-04c1-424b-9868-57a2d4851a1d" relativeResultsDirectory="5e3776cc-301e-41a7-94f5-0679c7b81110" />
    <UnitTestResult executionId="78265af8-0e84-4bc1-b908-c4dcf4642927" testId="fb546d3b-d102-b142-4867-aae9fd94e121" testName="Sonda.Api.Tests.SecurityTests.Durable_idle_expiry_is_enforced_on_next_request" computerName="ASUSPROART" duration="00:00:01.7141619" startTime="2026-09-24T10:20:31.3519446-04:00" endTime="2026-09-24T10:20:33.0669142-04:00" testType="13cdc9d9-ddb5-4fa4-a97d-d965ccfc6d4b" outcome="Passed" testListId="8c84fa94-04c1-424b-9868-57a2d4851a1d" relativeResultsDirectory="78265af8-0e84-4bc1-b908-c4dcf4642927" />
    <UnitTestResult executionId="06bd8ae1-0167-474c-a7fb-93dc8108f4dd" testId="0bbd066b-f1be-d444-797d-66751abd0b13" testName="Sonda.Api.Tests.WorkflowTests.Crash_retry_uses_durable_intent_pending_and_receipt_without_duplicate_history(boundary: &quot;before-reservation&quot;)" computerName="ASUSPROART" duration="00:00:05.2863553" startTime="2026-09-24T10:20:22.0160382-04:00" endTime="2026-09-24T10:20:27.2663979-04:00" testType="13cdc9d9-ddb5-4fa4-a97d-d965ccfc6d4b" outcome="Passed" testListId="8c84fa94-04c1-424b-9868-57a2d4851a1d" relativeResultsDirectory="06bd8ae1-0167-474c-a7fb-93dc8108f4dd" />
    <UnitTestResult executionId="9336f2a5-e452-40e2-b929-4463f3673507" testId="afc88a91-0a8c-64a6-d5c4-c2aaf10fb340" testName="Sonda.Api.Tests.SecurityTests.Member_cannot_provision_and_disable_revokes_existing_cookie" computerName="ASUSPROART" duration="00:00:01.2961949" startTime="2026-09-24T10:20:37.5313768-04:00" endTime="2026-09-24T10:20:38.8280809-04:00" testType="13cdc9d9-ddb5-4fa4-a97d-d965ccfc6d4b" outcome="Passed" testListId="8c84fa94-04c1-424b-9868-57a2d4851a1d" relativeResultsDirectory="9336f2a5-e452-40e2-b929-4463f3673507" />
    <UnitTestResult executionId="7c08467b-2c2a-435a-8ba6-134ebc4eb405" testId="67b47436-a588-4e13-15e2-f0082f72bcfd" testName="Sonda.Api.Tests.QueryTests.Search_literal_text_identifier_result_and_incident_filters_use_persisted_links" computerName="ASUSPROART" duration="00:00:00.6302775" startTime="2026-09-24T10:20:46.1995541-04:00" endTime="2026-09-24T10:20:46.8305327-04:00" testType="13cdc9d9-ddb5-4fa4-a97d-d965ccfc6d4b" outcome="Passed" testListId="8c84fa94-04c1-424b-9868-57a2d4851a1d" relativeResultsDirectory="7c08467b-2c2a-435a-8ba6-134ebc4eb405" />
    <UnitTestResult executionId="d62d5267-edcb-4f9b-a59d-85f20ef0ed73" testId="4adebcff-56fb-4dda-2606-c9a359343fed" testName="Sonda.Api.Tests.SecurityTests.Openapi_documents_cookie_csrf_and_admin_provisioning" computerName="ASUSPROART" duration="00:00:01.0796406" startTime="2026-09-24T10:20:33.0673520-04:00" endTime="2026-09-24T10:20:34.1474204-04:00" testType="13cdc9d9-ddb5-4fa4-a97d-d965ccfc6d4b" outcome="Passed" testListId="8c84fa94-04c1-424b-9868-57a2d4851a1d" relativeResultsDirectory="d62d5267-edcb-4f9b-a59d-85f20ef0ed73" />
    <UnitTestResult executionId="fde86748-61d4-4c46-b03c-9697fb08fa6c" testId="67709cd9-cfeb-f8b2-0a55-bd4686eddfd6" testName="Sonda.Api.Tests.AccountTests.Lockout_is_durable_and_returns_same_failure_shape" computerName="ASUSPROART" duration="00:00:00.9810200" startTime="2026-09-24T10:21:01.9725011-04:00" endTime="2026-09-24T10:21:02.9540246-04:00" testType="13cdc9d9-ddb5-4fa4-a97d-d965ccfc6d4b" outcome="Passed" testListId="8c84fa94-04c1-424b-9868-57a2d4851a1d" relativeResultsDirectory="fde86748-61d4-4c46-b03c-9697fb08fa6c" />
    <UnitTestResult executionId="3ed8f62b-ef01-4247-a193-88169e31fc30" testId="4da4edde-93b2-eca7-a0ac-a3a71f918232" testName="Sonda.Api.Tests.AccountTests.Revocation_between_cookie_validation_and_command_admission_is_not_hidden_by_tracking" computerName="ASUSPROART" duration="00:00:00.5745697" startTime="2026-09-24T10:21:02.9542683-04:00" endTime="2026-09-24T10:21:03.5295759-04:00" testType="13cdc9d9-ddb5-4fa4-a97d-d965ccfc6d4b" outcome="Passed" testListId="8c84fa94-04c1-424b-9868-57a2d4851a1d" relativeResultsDirectory="3ed8f62b-ef01-4247-a193-88169e31fc30" />
    <UnitTestResult executionId="fbd60630-9533-497c-9a1f-25c418a60adb" testId="68ea9a2d-64fa-7707-e6f4-75c97e3c14b1" testName="Sonda.Api.Tests.SecurityTests.Last_admin_cannot_disable_self" computerName="ASUSPROART" duration="00:00:00.8740236" startTime="2026-09-24T10:20:34.1479315-04:00" endTime="2026-09-24T10:20:35.0225386-04:00" testType="13cdc9d9-ddb5-4fa4-a97d-d965ccfc6d4b" outcome="Passed" testListId="8c84fa94-04c1-424b-9868-57a2d4851a1d" relativeResultsDirectory="fbd60630-9533-497c-9a1f-25c418a60adb" />
    <UnitTestResult executionId="76ca6ab9-baa0-4d93-a94f-db01b39a341e" testId="1e660a35-f057-3545-f18a-782c9a110abf" testName="Sonda.Api.Tests.SecurityTests.Admin_provisions_through_real_authenticated_pipeline_with_replay" computerName="ASUSPROART" duration="00:00:01.0382852" startTime="2026-09-24T10:20:35.5522771-04:00" endTime="2026-09-24T10:20:36.5912814-04:00" testType="13cdc9d9-ddb5-4fa4-a97d-d965ccfc6d4b" outcome="Passed" testListId="8c84fa94-04c1-424b-9868-57a2d4851a1d" relativeResultsDirectory="76ca6ab9-baa0-4d93-a94f-db01b39a341e" />
    <UnitTestResult executionId="6759ff65-97ef-4c7c-b73a-c8372a75ca39" testId="39cf82d1-2276-9e3d-025c-d26f1460e869" testName="Sonda.Api.Tests.AccountTests.Replaced_and_expired_grants_are_not_redeemable_and_tokens_are_not_stored" computerName="ASUSPROART" duration="00:00:00.5114706" startTime="2026-09-24T10:21:00.4549292-04:00" endTime="2026-09-24T10:21:00.9668090-04:00" testType="13cdc9d9-ddb5-4fa4-a97d-d965ccfc6d4b" outcome="Passed" testListId="8c84fa94-04c1-424b-9868-57a2d4851a1d" relativeResultsDirectory="6759ff65-97ef-4c7c-b73a-c8372a75ca39" />
    <UnitTestResult executionId="0cd4f25e-cdfd-4b16-9849-d444ae331061" testId="32e4c158-3144-9b2b-aac5-f56b590e578a" testName="Sonda.Api.Tests.AccountTests.Password_change_revokes_all_sessions_and_old_password" computerName="ASUSPROART" duration="00:00:00.9960660" startTime="2026-09-24T10:20:59.4585936-04:00" endTime="2026-09-24T10:21:00.4545176-04:00" testType="13cdc9d9-ddb5-4fa4-a97d-d965ccfc6d4b" outcome="Passed" testListId="8c84fa94-04c1-424b-9868-57a2d4851a1d" relativeResultsDirectory="0cd4f25e-cdfd-4b16-9849-d444ae331061" />
    <UnitTestResult executionId="b2a4f61a-00dc-4ae5-b635-f617ada5eaac" testId="94fc53a9-deb9-df8e-e677-54a162bd2c6e" testName="Sonda.Api.Tests.AccountTests.Concurrent_bootstrap_creates_one_admin_without_duplicate_identity" computerName="ASUSPROART" duration="00:00:00.3293830" startTime="2026-09-24T10:21:03.5299522-04:00" endTime="2026-09-24T10:21:03.8599065-04:00" testType="13cdc9d9-ddb5-4fa4-a97d-d965ccfc6d4b" outcome="Passed" testListId="8c84fa94-04c1-424b-9868-57a2d4851a1d" relativeResultsDirectory="b2a4f61a-00dc-4ae5-b635-f617ada5eaac" />
    <UnitTestResult executionId="f1659d0e-318a-43b3-855b-a35b0d6ffdb5" testId="c10ad77b-45f0-c049-72f8-937744933d15" testName="Sonda.Api.Tests.WorkflowTests.Concurrent_workflow_commands_do_not_bypass_expected_revision" computerName="ASUSPROART" duration="00:00:01.0648674" startTime="2026-09-24T10:20:29.1498407-04:00" endTime="2026-09-24T10:20:30.2146669-04:00" testType="13cdc9d9-ddb5-4fa4-a97d-d965ccfc6d4b" outcome="Passed" testListId="8c84fa94-04c1-424b-9868-57a2d4851a1d" relativeResultsDirectory="f1659d0e-318a-43b3-855b-a35b0d6ffdb5" />
    <UnitTestResult executionId="d2681650-2711-43b0-935f-08355696360a" testId="35f535f6-877b-9c1b-0069-1a96a17f7b9f" testName="Sonda.Api.Tests.WorkflowTests.Crash_retry_uses_durable_intent_pending_and_receipt_without_duplicate_history(boundary: &quot;pending-before-interpretation&quot;)" computerName="ASUSPROART" duration="00:00:00.9338591" startTime="2026-09-24T10:20:27.3318663-04:00" endTime="2026-09-24T10:20:28.2023613-04:00" testType="13cdc9d9-ddb5-4fa4-a97d-d965ccfc6d4b" outcome="Passed" testListId="8c84fa94-04c1-424b-9868-57a2d4851a1d" relativeResultsDirectory="d2681650-2711-43b0-935f-08355696360a" />
    <UnitTestResult executionId="20ccbe36-bbb1-43c5-a909-0f2b180c7a9b" testId="9421509e-1f38-8d47-7f5d-e9c399d7a64c" testName="Sonda.Api.Tests.SecurityTests.New_configuration_requires_simulation_publication_and_explicit_activation" computerName="ASUSPROART" duration="00:00:02.5394682" startTime="2026-09-24T10:20:39.7635504-04:00" endTime="2026-09-24T10:20:42.3033772-04:00" testType="13cdc9d9-ddb5-4fa4-a97d-d965ccfc6d4b" outcome="Passed" testListId="8c84fa94-04c1-424b-9868-57a2d4851a1d" relativeResultsDirectory="20ccbe36-bbb1-43c5-a909-0f2b180c7a9b" />
    <UnitTestResult executionId="b59ab656-3e77-462e-9f47-069a6a7e56f1" testId="0a763a49-4274-7bf8-2f7d-b285faab3a87" testName="Sonda.Api.Tests.AccountTests.Concurrent_admin_self_demotions_leave_one_enabled_admin" computerName="ASUSPROART" duration="00:00:00.3796548" startTime="2026-09-24T10:21:00.9676022-04:00" endTime="2026-09-24T10:21:01.3473870-04:00" testType="13cdc9d9-ddb5-4fa4-a97d-d965ccfc6d4b" outcome="Passed" testListId="8c84fa94-04c1-424b-9868-57a2d4851a1d" relativeResultsDirectory="b59ab656-3e77-462e-9f47-069a6a7e56f1" />
    <UnitTestResult executionId="eadb29ba-7346-4b52-bf16-f23cc00b6309" testId="8ca92544-6418-3555-9559-c5b18dbb1d71" testName="Sonda.Api.Tests.HttpsTests.Real_https_cookie_survives_process_restart_with_encrypted_keys_and_fails_without_keys" computerName="ASUSPROART" duration="00:00:12.6237252" startTime="2026-09-24T10:20:46.8309608-04:00" endTime="2026-09-24T10:20:59.4570832-04:00" testType="13cdc9d9-ddb5-4fa4-a97d-d965ccfc6d4b" outcome="Passed" testListId="8c84fa94-04c1-424b-9868-57a2d4851a1d" relativeResultsDirectory="eadb29ba-7346-4b52-bf16-f23cc00b6309" />
    <UnitTestResult executionId="299853a4-c261-41c3-b5f9-5008e9960c4c" testId="3b921b16-9dba-9612-443b-0bb86a221255" testName="Sonda.Api.Tests.SecurityTests.Anonymous_provisioning_is_denied_and_login_requires_csrf" computerName="ASUSPROART" duration="00:00:00.5284353" startTime="2026-09-24T10:20:35.0229764-04:00" endTime="2026-09-24T10:20:35.5518081-04:00" testType="13cdc9d9-ddb5-4fa4-a97d-d965ccfc6d4b" outcome="Passed" testListId="8c84fa94-04c1-424b-9868-57a2d4851a1d" relativeResultsDirectory="299853a4-c261-41c3-b5f9-5008e9960c4c" />
  </Results>
  <TestDefinitions>
    <UnitTest name="Sonda.Api.Tests.AccountTests.Concurrent_bootstrap_creates_one_admin_without_duplicate_identity" storage="c:\saproductions\sonda\tests\sonda.api.tests\bin\debug\net10.0\sonda.api.tests.dll" id="94fc53a9-deb9-df8e-e677-54a162bd2c6e">
      <Execution id="b2a4f61a-00dc-4ae5-b635-f617ada5eaac" />
      <TestMethod codeBase="C:\SaProductions\Sonda\tests\Sonda.Api.Tests\bin\Debug\net10.0\Sonda.Api.Tests.dll" adapterTypeName="executor://xunit/VsTestRunner3/netcore/" className="Sonda.Api.Tests.AccountTests" name="Concurrent_bootstrap_creates_one_admin_without_duplicate_identity" />
    </UnitTest>
    <UnitTest name="Sonda.Api.Tests.WorkflowTests.Concurrent_workflow_commands_do_not_bypass_expected_revision" storage="c:\saproductions\sonda\tests\sonda.api.tests\bin\debug\net10.0\sonda.api.tests.dll" id="c10ad77b-45f0-c049-72f8-937744933d15">
      <Execution id="f1659d0e-318a-43b3-855b-a35b0d6ffdb5" />
      <TestMethod codeBase="C:\SaProductions\Sonda\tests\Sonda.Api.Tests\bin\Debug\net10.0\Sonda.Api.Tests.dll" adapterTypeName="executor://xunit/VsTestRunner3/netcore/" className="Sonda.Api.Tests.WorkflowTests" name="Concurrent_workflow_commands_do_not_bypass_expected_revision" />
    </UnitTest>
    <UnitTest name="Sonda.Api.Tests.QueryTests.Search_pages_once_per_evidence_and_rejects_filter_or_team_cursor_reuse" storage="c:\saproductions\sonda\tests\sonda.api.tests\bin\debug\net10.0\sonda.api.tests.dll" id="8d6e010b-f31c-fe5c-21d1-8ccb15a53355">
      <Execution id="5e3776cc-301e-41a7-94f5-0679c7b81110" />
      <TestMethod codeBase="C:\SaProductions\Sonda\tests\Sonda.Api.Tests\bin\Debug\net10.0\Sonda.Api.Tests.dll" adapterTypeName="executor://xunit/VsTestRunner3/netcore/" className="Sonda.Api.Tests.QueryTests" name="Search_pages_once_per_evidence_and_rejects_filter_or_team_cursor_reuse" />
    </UnitTest>
    <UnitTest name="Sonda.Api.Tests.SecurityTests.Member_cannot_provision_and_disable_revokes_existing_cookie" storage="c:\saproductions\sonda\tests\sonda.api.tests\bin\debug\net10.0\sonda.api.tests.dll" id="afc88a91-0a8c-64a6-d5c4-c2aaf10fb340">
      <Execution id="9336f2a5-e452-40e2-b929-4463f3673507" />
      <TestMethod codeBase="C:\SaProductions\Sonda\tests\Sonda.Api.Tests\bin\Debug\net10.0\Sonda.Api.Tests.dll" adapterTypeName="executor://xunit/VsTestRunner3/netcore/" className="Sonda.Api.Tests.SecurityTests" name="Member_cannot_provision_and_disable_revokes_existing_cookie" />
    </UnitTest>
    <UnitTest name="Sonda.Api.Tests.SecurityTests.Every_protected_route_denies_anonymous_access_before_resource_binding" storage="c:\saproductions\sonda\tests\sonda.api.tests\bin\debug\net10.0\sonda.api.tests.dll" id="a23f403c-8808-e11a-45eb-8db26548d617">
      <Execution id="3bf3c3af-53a6-4d7a-bd9f-1cddf8f804bb" />
      <TestMethod codeBase="C:\SaProductions\Sonda\tests\Sonda.Api.Tests\bin\Debug\net10.0\Sonda.Api.Tests.dll" adapterTypeName="executor://xunit/VsTestRunner3/netcore/" className="Sonda.Api.Tests.SecurityTests" name="Every_protected_route_denies_anonymous_access_before_resource_binding" />
    </UnitTest>
    <UnitTest name="Sonda.Api.Tests.WorkflowTests.Crash_retry_uses_durable_intent_pending_and_receipt_without_duplicate_history(boundary: &quot;before-reservation&quot;)" storage="c:\saproductions\sonda\tests\sonda.api.tests\bin\debug\net10.0\sonda.api.tests.dll" id="0bbd066b-f1be-d444-797d-66751abd0b13">
      <Execution id="06bd8ae1-0167-474c-a7fb-93dc8108f4dd" />
      <TestMethod codeBase="C:\SaProductions\Sonda\tests\Sonda.Api.Tests\bin\Debug\net10.0\Sonda.Api.Tests.dll" adapterTypeName="executor://xunit/VsTestRunner3/netcore/" className="Sonda.Api.Tests.WorkflowTests" name="Crash_retry_uses_durable_intent_pending_and_receipt_without_duplicate_history" />
    </UnitTest>
    <UnitTest name="Sonda.Api.Tests.QueryTests.Dashboard_matches_accepted_mixed_order_fixture" storage="c:\saproductions\sonda\tests\sonda.api.tests\bin\debug\net10.0\sonda.api.tests.dll" id="256e51dc-3e0e-4a5a-6548-7651e4c18480">
      <Execution id="889a92e7-b16e-4182-b584-1b5fea034d7a" />
      <TestMethod codeBase="C:\SaProductions\Sonda\tests\Sonda.Api.Tests\bin\Debug\net10.0\Sonda.Api.Tests.dll" adapterTypeName="executor://xunit/VsTestRunner3/netcore/" className="Sonda.Api.Tests.QueryTests" name="Dashboard_matches_accepted_mixed_order_fixture" />
    </UnitTest>
    <UnitTest name="Sonda.Api.Tests.AccountTests.Concurrent_invitation_redemption_consumes_token_once" storage="c:\saproductions\sonda\tests\sonda.api.tests\bin\debug\net10.0\sonda.api.tests.dll" id="fc05ba29-58dd-977b-3b26-3193763a9c7d">
      <Execution id="7fe3e6e9-efc9-49e9-a24a-4a67d026a004" />
      <TestMethod codeBase="C:\SaProductions\Sonda\tests\Sonda.Api.Tests\bin\Debug\net10.0\Sonda.Api.Tests.dll" adapterTypeName="executor://xunit/VsTestRunner3/netcore/" className="Sonda.Api.Tests.AccountTests" name="Concurrent_invitation_redemption_consumes_token_once" />
    </UnitTest>
    <UnitTest name="Sonda.Api.Tests.SecurityTests.Last_admin_cannot_disable_self" storage="c:\saproductions\sonda\tests\sonda.api.tests\bin\debug\net10.0\sonda.api.tests.dll" id="68ea9a2d-64fa-7707-e6f4-75c97e3c14b1">
      <Execution id="fbd60630-9533-497c-9a1f-25c418a60adb" />
      <TestMethod codeBase="C:\SaProductions\Sonda\tests\Sonda.Api.Tests\bin\Debug\net10.0\Sonda.Api.Tests.dll" adapterTypeName="executor://xunit/VsTestRunner3/netcore/" className="Sonda.Api.Tests.SecurityTests" name="Last_admin_cannot_disable_self" />
    </UnitTest>
    <UnitTest name="Sonda.Api.Tests.AccountTests.Password_change_revokes_all_sessions_and_old_password" storage="c:\saproductions\sonda\tests\sonda.api.tests\bin\debug\net10.0\sonda.api.tests.dll" id="32e4c158-3144-9b2b-aac5-f56b590e578a">
      <Execution id="0cd4f25e-cdfd-4b16-9849-d444ae331061" />
      <TestMethod codeBase="C:\SaProductions\Sonda\tests\Sonda.Api.Tests\bin\Debug\net10.0\Sonda.Api.Tests.dll" adapterTypeName="executor://xunit/VsTestRunner3/netcore/" className="Sonda.Api.Tests.AccountTests" name="Password_change_revokes_all_sessions_and_old_password" />
    </UnitTest>
    <UnitTest name="Sonda.Api.Tests.SecurityTests.Openapi_documents_cookie_csrf_and_admin_provisioning" storage="c:\saproductions\sonda\tests\sonda.api.tests\bin\debug\net10.0\sonda.api.tests.dll" id="4adebcff-56fb-4dda-2606-c9a359343fed">
      <Execution id="d62d5267-edcb-4f9b-a59d-85f20ef0ed73" />
      <TestMethod codeBase="C:\SaProductions\Sonda\tests\Sonda.Api.Tests\bin\Debug\net10.0\Sonda.Api.Tests.dll" adapterTypeName="executor://xunit/VsTestRunner3/netcore/" className="Sonda.Api.Tests.SecurityTests" name="Openapi_documents_cookie_csrf_and_admin_provisioning" />
    </UnitTest>
    <UnitTest name="Sonda.Api.Tests.SecurityTests.Logout_revokes_durable_session_and_denies_next_request" storage="c:\saproductions\sonda\tests\sonda.api.tests\bin\debug\net10.0\sonda.api.tests.dll" id="08f3dfc2-15c8-fc99-9a77-a596fd2af122">
      <Execution id="edc7c63a-2a10-447b-a4b6-4a58d08c1946" />
      <TestMethod codeBase="C:\SaProductions\Sonda\tests\Sonda.Api.Tests\bin\Debug\net10.0\Sonda.Api.Tests.dll" adapterTypeName="executor://xunit/VsTestRunner3/netcore/" className="Sonda.Api.Tests.SecurityTests" name="Logout_revokes_durable_session_and_denies_next_request" />
    </UnitTest>
    <UnitTest name="Sonda.Api.Tests.WorkflowTests.Crash_retry_uses_durable_intent_pending_and_receipt_without_duplicate_history(boundary: &quot;pending-before-interpretation&quot;)" storage="c:\saproductions\sonda\tests\sonda.api.tests\bin\debug\net10.0\sonda.api.tests.dll" id="35f535f6-877b-9c1b-0069-1a96a17f7b9f">
      <Execution id="d2681650-2711-43b0-935f-08355696360a" />
      <TestMethod codeBase="C:\SaProductions\Sonda\tests\Sonda.Api.Tests\bin\Debug\net10.0\Sonda.Api.Tests.dll" adapterTypeName="executor://xunit/VsTestRunner3/netcore/" className="Sonda.Api.Tests.WorkflowTests" name="Crash_retry_uses_durable_intent_pending_and_receipt_without_duplicate_history" />
    </UnitTest>
    <UnitTest name="Sonda.Api.Tests.AccountTests.Replaced_and_expired_grants_are_not_redeemable_and_tokens_are_not_stored" storage="c:\saproductions\sonda\tests\sonda.api.tests\bin\debug\net10.0\sonda.api.tests.dll" id="39cf82d1-2276-9e3d-025c-d26f1460e869">
      <Execution id="6759ff65-97ef-4c7c-b73a-c8372a75ca39" />
      <TestMethod codeBase="C:\SaProductions\Sonda\tests\Sonda.Api.Tests\bin\Debug\net10.0\Sonda.Api.Tests.dll" adapterTypeName="executor://xunit/VsTestRunner3/netcore/" className="Sonda.Api.Tests.AccountTests" name="Replaced_and_expired_grants_are_not_redeemable_and_tokens_are_not_stored" />
    </UnitTest>
    <UnitTest name="Sonda.Api.Tests.SecurityTests.Admin_provisions_through_real_authenticated_pipeline_with_replay" storage="c:\saproductions\sonda\tests\sonda.api.tests\bin\debug\net10.0\sonda.api.tests.dll" id="1e660a35-f057-3545-f18a-782c9a110abf">
      <Execution id="76ca6ab9-baa0-4d93-a94f-db01b39a341e" />
      <TestMethod codeBase="C:\SaProductions\Sonda\tests\Sonda.Api.Tests\bin\Debug\net10.0\Sonda.Api.Tests.dll" adapterTypeName="executor://xunit/VsTestRunner3/netcore/" className="Sonda.Api.Tests.SecurityTests" name="Admin_provisions_through_real_authenticated_pipeline_with_replay" />
    </UnitTest>
    <UnitTest name="Sonda.Api.Tests.QueryTests.Foreign_session_cannot_be_used_to_investigate_runs" storage="c:\saproductions\sonda\tests\sonda.api.tests\bin\debug\net10.0\sonda.api.tests.dll" id="62a81a8d-e8a3-0558-616e-24421d61d037">
      <Execution id="b2561bab-2465-409e-ba91-2543920660d3" />
      <TestMethod codeBase="C:\SaProductions\Sonda\tests\Sonda.Api.Tests\bin\Debug\net10.0\Sonda.Api.Tests.dll" adapterTypeName="executor://xunit/VsTestRunner3/netcore/" className="Sonda.Api.Tests.QueryTests" name="Foreign_session_cannot_be_used_to_investigate_runs" />
    </UnitTest>
    <UnitTest name="Sonda.Api.Tests.AccountTests.Lockout_is_durable_and_returns_same_failure_shape" storage="c:\saproductions\sonda\tests\sonda.api.tests\bin\debug\net10.0\sonda.api.tests.dll" id="67709cd9-cfeb-f8b2-0a55-bd4686eddfd6">
      <Execution id="fde86748-61d4-4c46-b03c-9697fb08fa6c" />
      <TestMethod codeBase="C:\SaProductions\Sonda\tests\Sonda.Api.Tests\bin\Debug\net10.0\Sonda.Api.Tests.dll" adapterTypeName="executor://xunit/VsTestRunner3/netcore/" className="Sonda.Api.Tests.AccountTests" name="Lockout_is_durable_and_returns_same_failure_shape" />
    </UnitTest>
    <UnitTest name="Sonda.Api.Tests.AccountTests.Concurrent_admin_self_demotions_leave_one_enabled_admin" storage="c:\saproductions\sonda\tests\sonda.api.tests\bin\debug\net10.0\sonda.api.tests.dll" id="0a763a49-4274-7bf8-2f7d-b285faab3a87">
      <Execution id="b59ab656-3e77-462e-9f47-069a6a7e56f1" />
      <TestMethod codeBase="C:\SaProductions\Sonda\tests\Sonda.Api.Tests\bin\Debug\net10.0\Sonda.Api.Tests.dll" adapterTypeName="executor://xunit/VsTestRunner3/netcore/" className="Sonda.Api.Tests.AccountTests" name="Concurrent_admin_self_demotions_leave_one_enabled_admin" />
    </UnitTest>
    <UnitTest name="Sonda.Api.Tests.AccountTests.Revocation_between_cookie_validation_and_command_admission_is_not_hidden_by_tracking" storage="c:\saproductions\sonda\tests\sonda.api.tests\bin\debug\net10.0\sonda.api.tests.dll" id="4da4edde-93b2-eca7-a0ac-a3a71f918232">
      <Execution id="3ed8f62b-ef01-4247-a193-88169e31fc30" />
      <TestMethod codeBase="C:\SaProductions\Sonda\tests\Sonda.Api.Tests\bin\Debug\net10.0\Sonda.Api.Tests.dll" adapterTypeName="executor://xunit/VsTestRunner3/netcore/" className="Sonda.Api.Tests.AccountTests" name="Revocation_between_cookie_validation_and_command_admission_is_not_hidden_by_tracking" />
    </UnitTest>
    <UnitTest name="Sonda.Api.Tests.SecurityTests.Missing_expected_revision_is_not_interpreted_as_zero" storage="c:\saproductions\sonda\tests\sonda.api.tests\bin\debug\net10.0\sonda.api.tests.dll" id="3c4d3961-e9ed-b6fa-cb4c-4a873d0f7418">
      <Execution id="bb9bfabb-ea60-43a9-a8ea-41a350dfc4e8" />
      <TestMethod codeBase="C:\SaProductions\Sonda\tests\Sonda.Api.Tests\bin\Debug\net10.0\Sonda.Api.Tests.dll" adapterTypeName="executor://xunit/VsTestRunner3/netcore/" className="Sonda.Api.Tests.SecurityTests" name="Missing_expected_revision_is_not_interpreted_as_zero" />
    </UnitTest>
    <UnitTest name="Sonda.Api.Tests.QueryTests.Unregistered_simulator_data_does_not_appear_in_dashboard_or_search" storage="c:\saproductions\sonda\tests\sonda.api.tests\bin\debug\net10.0\sonda.api.tests.dll" id="ab5fd4da-3362-7a7d-cefb-0db266a9c896">
      <Execution id="6eb363de-5dfd-4583-aebf-8f0f2c40d5d3" />
      <TestMethod codeBase="C:\SaProductions\Sonda\tests\Sonda.Api.Tests\bin\Debug\net10.0\Sonda.Api.Tests.dll" adapterTypeName="executor://xunit/VsTestRunner3/netcore/" className="Sonda.Api.Tests.QueryTests" name="Unregistered_simulator_data_does_not_appear_in_dashboard_or_search" />
    </UnitTest>
    <UnitTest name="Sonda.Api.Tests.SecurityTests.Unknown_authority_fields_and_cross_origin_mutation_are_rejected" storage="c:\saproductions\sonda\tests\sonda.api.tests\bin\debug\net10.0\sonda.api.tests.dll" id="3eb1bf74-204a-afd4-2c2b-964e2a8c4b7d">
      <Execution id="34cb2460-03d0-45a2-9be5-8fd042e27fe0" />
      <TestMethod codeBase="C:\SaProductions\Sonda\tests\Sonda.Api.Tests\bin\Debug\net10.0\Sonda.Api.Tests.dll" adapterTypeName="executor://xunit/VsTestRunner3/netcore/" className="Sonda.Api.Tests.SecurityTests" name="Unknown_authority_fields_and_cross_origin_mutation_are_rejected" />
    </UnitTest>
    <UnitTest name="Sonda.Api.Tests.SecurityTests.New_configuration_requires_simulation_publication_and_explicit_activation" storage="c:\saproductions\sonda\tests\sonda.api.tests\bin\debug\net10.0\sonda.api.tests.dll" id="9421509e-1f38-8d47-7f5d-e9c399d7a64c">
      <Execution id="20ccbe36-bbb1-43c5-a909-0f2b180c7a9b" />
      <TestMethod codeBase="C:\SaProductions\Sonda\tests\Sonda.Api.Tests\bin\Debug\net10.0\Sonda.Api.Tests.dll" adapterTypeName="executor://xunit/VsTestRunner3/netcore/" className="Sonda.Api.Tests.SecurityTests" name="New_configuration_requires_simulation_publication_and_explicit_activation" />
    </UnitTest>
    <UnitTest name="Sonda.Api.Tests.HttpsTests.Real_https_cookie_survives_process_restart_with_encrypted_keys_and_fails_without_keys" storage="c:\saproductions\sonda\tests\sonda.api.tests\bin\debug\net10.0\sonda.api.tests.dll" id="8ca92544-6418-3555-9559-c5b18dbb1d71">
      <Execution id="eadb29ba-7346-4b52-bf16-f23cc00b6309" />
      <TestMethod codeBase="C:\SaProductions\Sonda\tests\Sonda.Api.Tests\bin\Debug\net10.0\Sonda.Api.Tests.dll" adapterTypeName="executor://xunit/VsTestRunner3/netcore/" className="Sonda.Api.Tests.HttpsTests" name="Real_https_cookie_survives_process_restart_with_encrypted_keys_and_fails_without_keys" />
    </UnitTest>
    <UnitTest name="Sonda.Api.Tests.QueryTests.Search_literal_text_identifier_result_and_incident_filters_use_persisted_links" storage="c:\saproductions\sonda\tests\sonda.api.tests\bin\debug\net10.0\sonda.api.tests.dll" id="67b47436-a588-4e13-15e2-f0082f72bcfd">
      <Execution id="7c08467b-2c2a-435a-8ba6-134ebc4eb405" />
      <TestMethod codeBase="C:\SaProductions\Sonda\tests\Sonda.Api.Tests\bin\Debug\net10.0\Sonda.Api.Tests.dll" adapterTypeName="executor://xunit/VsTestRunner3/netcore/" className="Sonda.Api.Tests.QueryTests" name="Search_literal_text_identifier_result_and_incident_filters_use_persisted_links" />
    </UnitTest>
    <UnitTest name="Sonda.Api.Tests.SecurityTests.Anonymous_provisioning_is_denied_and_login_requires_csrf" storage="c:\saproductions\sonda\tests\sonda.api.tests\bin\debug\net10.0\sonda.api.tests.dll" id="3b921b16-9dba-9612-443b-0bb86a221255">
      <Execution id="299853a4-c261-41c3-b5f9-5008e9960c4c" />
      <TestMethod codeBase="C:\SaProductions\Sonda\tests\Sonda.Api.Tests\bin\Debug\net10.0\Sonda.Api.Tests.dll" adapterTypeName="executor://xunit/VsTestRunner3/netcore/" className="Sonda.Api.Tests.SecurityTests" name="Anonymous_provisioning_is_denied_and_login_requires_csrf" />
    </UnitTest>
    <UnitTest name="Sonda.Api.Tests.WorkflowTests.Crash_retry_uses_durable_intent_pending_and_receipt_without_duplicate_history(boundary: &quot;after-core-commit&quot;)" storage="c:\saproductions\sonda\tests\sonda.api.tests\bin\debug\net10.0\sonda.api.tests.dll" id="b9d81f0b-75da-4d60-55ed-bf6ef2e2c01b">
      <Execution id="a62ad9f7-5ec6-4e89-9a99-396669b5b628" />
      <TestMethod codeBase="C:\SaProductions\Sonda\tests\Sonda.Api.Tests\bin\Debug\net10.0\Sonda.Api.Tests.dll" adapterTypeName="executor://xunit/VsTestRunner3/netcore/" className="Sonda.Api.Tests.WorkflowTests" name="Crash_retry_uses_durable_intent_pending_and_receipt_without_duplicate_history" />
    </UnitTest>
    <UnitTest name="Sonda.Api.Tests.SecurityTests.Durable_idle_expiry_is_enforced_on_next_request" storage="c:\saproductions\sonda\tests\sonda.api.tests\bin\debug\net10.0\sonda.api.tests.dll" id="fb546d3b-d102-b142-4867-aae9fd94e121">
      <Execution id="78265af8-0e84-4bc1-b908-c4dcf4642927" />
      <TestMethod codeBase="C:\SaProductions\Sonda\tests\Sonda.Api.Tests\bin\Debug\net10.0\Sonda.Api.Tests.dll" adapterTypeName="executor://xunit/VsTestRunner3/netcore/" className="Sonda.Api.Tests.SecurityTests" name="Durable_idle_expiry_is_enforced_on_next_request" />
    </UnitTest>
  </TestDefinitions>
  <TestEntries>
    <TestEntry testId="a23f403c-8808-e11a-45eb-8db26548d617" executionId="3bf3c3af-53a6-4d7a-bd9f-1cddf8f804bb" testListId="8c84fa94-04c1-424b-9868-57a2d4851a1d" />
    <TestEntry testId="fc05ba29-58dd-977b-3b26-3193763a9c7d" executionId="7fe3e6e9-efc9-49e9-a24a-4a67d026a004" testListId="8c84fa94-04c1-424b-9868-57a2d4851a1d" />
    <TestEntry testId="b9d81f0b-75da-4d60-55ed-bf6ef2e2c01b" executionId="a62ad9f7-5ec6-4e89-9a99-396669b5b628" testListId="8c84fa94-04c1-424b-9868-57a2d4851a1d" />
    <TestEntry testId="62a81a8d-e8a3-0558-616e-24421d61d037" executionId="b2561bab-2465-409e-ba91-2543920660d3" testListId="8c84fa94-04c1-424b-9868-57a2d4851a1d" />
    <TestEntry testId="08f3dfc2-15c8-fc99-9a77-a596fd2af122" executionId="edc7c63a-2a10-447b-a4b6-4a58d08c1946" testListId="8c84fa94-04c1-424b-9868-57a2d4851a1d" />
    <TestEntry testId="256e51dc-3e0e-4a5a-6548-7651e4c18480" executionId="889a92e7-b16e-4182-b584-1b5fea034d7a" testListId="8c84fa94-04c1-424b-9868-57a2d4851a1d" />
    <TestEntry testId="3eb1bf74-204a-afd4-2c2b-964e2a8c4b7d" executionId="34cb2460-03d0-45a2-9be5-8fd042e27fe0" testListId="8c84fa94-04c1-424b-9868-57a2d4851a1d" />
    <TestEntry testId="3c4d3961-e9ed-b6fa-cb4c-4a873d0f7418" executionId="bb9bfabb-ea60-43a9-a8ea-41a350dfc4e8" testListId="8c84fa94-04c1-424b-9868-57a2d4851a1d" />
    <TestEntry testId="ab5fd4da-3362-7a7d-cefb-0db266a9c896" executionId="6eb363de-5dfd-4583-aebf-8f0f2c40d5d3" testListId="8c84fa94-04c1-424b-9868-57a2d4851a1d" />
    <TestEntry testId="8d6e010b-f31c-fe5c-21d1-8ccb15a53355" executionId="5e3776cc-301e-41a7-94f5-0679c7b81110" testListId="8c84fa94-04c1-424b-9868-57a2d4851a1d" />
    <TestEntry testId="fb546d3b-d102-b142-4867-aae9fd94e121" executionId="78265af8-0e84-4bc1-b908-c4dcf4642927" testListId="8c84fa94-04c1-424b-9868-57a2d4851a1d" />
    <TestEntry testId="0bbd066b-f1be-d444-797d-66751abd0b13" executionId="06bd8ae1-0167-474c-a7fb-93dc8108f4dd" testListId="8c84fa94-04c1-424b-9868-57a2d4851a1d" />
    <TestEntry testId="afc88a91-0a8c-64a6-d5c4-c2aaf10fb340" executionId="9336f2a5-e452-40e2-b929-4463f3673507" testListId="8c84fa94-04c1-424b-9868-57a2d4851a1d" />
    <TestEntry testId="67b47436-a588-4e13-15e2-f0082f72bcfd" executionId="7c08467b-2c2a-435a-8ba6-134ebc4eb405" testListId="8c84fa94-04c1-424b-9868-57a2d4851a1d" />
    <TestEntry testId="4adebcff-56fb-4dda-2606-c9a359343fed" executionId="d62d5267-edcb-4f9b-a59d-85f20ef0ed73" testListId="8c84fa94-04c1-424b-9868-57a2d4851a1d" />
    <TestEntry testId="67709cd9-cfeb-f8b2-0a55-bd4686eddfd6" executionId="fde86748-61d4-4c46-b03c-9697fb08fa6c" testListId="8c84fa94-04c1-424b-9868-57a2d4851a1d" />
    <TestEntry testId="4da4edde-93b2-eca7-a0ac-a3a71f918232" executionId="3ed8f62b-ef01-4247-a193-88169e31fc30" testListId="8c84fa94-04c1-424b-9868-57a2d4851a1d" />
    <TestEntry testId="68ea9a2d-64fa-7707-e6f4-75c97e3c14b1" executionId="fbd60630-9533-497c-9a1f-25c418a60adb" testListId="8c84fa94-04c1-424b-9868-57a2d4851a1d" />
    <TestEntry testId="1e660a35-f057-3545-f18a-782c9a110abf" executionId="76ca6ab9-baa0-4d93-a94f-db01b39a341e" testListId="8c84fa94-04c1-424b-9868-57a2d4851a1d" />
    <TestEntry testId="39cf82d1-2276-9e3d-025c-d26f1460e869" executionId="6759ff65-97ef-4c7c-b73a-c8372a75ca39" testListId="8c84fa94-04c1-424b-9868-57a2d4851a1d" />
    <TestEntry testId="32e4c158-3144-9b2b-aac5-f56b590e578a" executionId="0cd4f25e-cdfd-4b16-9849-d444ae331061" testListId="8c84fa94-04c1-424b-9868-57a2d4851a1d" />
    <TestEntry testId="94fc53a9-deb9-df8e-e677-54a162bd2c6e" executionId="b2a4f61a-00dc-4ae5-b635-f617ada5eaac" testListId="8c84fa94-04c1-424b-9868-57a2d4851a1d" />
    <TestEntry testId="c10ad77b-45f0-c049-72f8-937744933d15" executionId="f1659d0e-318a-43b3-855b-a35b0d6ffdb5" testListId="8c84fa94-04c1-424b-9868-57a2d4851a1d" />
    <TestEntry testId="35f535f6-877b-9c1b-0069-1a96a17f7b9f" executionId="d2681650-2711-43b0-935f-08355696360a" testListId="8c84fa94-04c1-424b-9868-57a2d4851a1d" />
    <TestEntry testId="9421509e-1f38-8d47-7f5d-e9c399d7a64c" executionId="20ccbe36-bbb1-43c5-a909-0f2b180c7a9b" testListId="8c84fa94-04c1-424b-9868-57a2d4851a1d" />
    <TestEntry testId="0a763a49-4274-7bf8-2f7d-b285faab3a87" executionId="b59ab656-3e77-462e-9f47-069a6a7e56f1" testListId="8c84fa94-04c1-424b-9868-57a2d4851a1d" />
    <TestEntry testId="8ca92544-6418-3555-9559-c5b18dbb1d71" executionId="eadb29ba-7346-4b52-bf16-f23cc00b6309" testListId="8c84fa94-04c1-424b-9868-57a2d4851a1d" />
    <TestEntry testId="3b921b16-9dba-9612-443b-0bb86a221255" executionId="299853a4-c261-41c3-b5f9-5008e9960c4c" testListId="8c84fa94-04c1-424b-9868-57a2d4851a1d" />
  </TestEntries>
  <TestLists>
    <TestList name="Results Not in a List" id="8c84fa94-04c1-424b-9868-57a2d4851a1d" />
    <TestList name="All Loaded Results" id="19431567-8539-422a-85d7-44ee4e166bda" />
  </TestLists>
  <ResultSummary outcome="Completed">
    <Counters total="28" executed="28" passed="28" failed="0" error="0" timeout="0" aborted="0" inconclusive="0" passedButRunAborted="0" notRunnable="0" notExecuted="0" disconnected="0" warning="0" completed="0" inProgress="0" pending="0" />
    <Output>
      <StdOut>[xUnit.net 00:00:00.00] xUnit.net VSTest Adapter v3.1.1+bf6400fd51 (64-bit .NET 10.0.12)&#xD;
[xUnit.net 00:00:00.54]   Discovering: Sonda.Api.Tests&#xD;
[xUnit.net 00:00:00.64]   Discovered:  Sonda.Api.Tests&#xD;
[xUnit.net 00:00:00.69]   Starting:    Sonda.Api.Tests&#xD;
info: Microsoft.Hosting.Lifetime[0]&#xD;
      Application started. Press Ctrl+C to shut down.&#xD;
info: Microsoft.Hosting.Lifetime[0]&#xD;
      Hosting environment: Testing&#xD;
info: Microsoft.Hosting.Lifetime[0]&#xD;
      Content root path: C:\SaProductions\Sonda\src\Sonda.Server&#xD;
info: Microsoft.Hosting.Lifetime[0]&#xD;
      Application is shutting down...&#xD;
info: Microsoft.Hosting.Lifetime[0]&#xD;
      Application started. Press Ctrl+C to shut down.&#xD;
info: Microsoft.Hosting.Lifetime[0]&#xD;
      Hosting environment: Testing&#xD;
info: Microsoft.Hosting.Lifetime[0]&#xD;
      Content root path: C:\SaProductions\Sonda\src\Sonda.Server&#xD;
warn: Microsoft.AspNetCore.Antiforgery.DefaultAntiforgery[8]&#xD;
      The 'Cache-Control' and 'Pragma' headers have been overridden and set to 'no-cache, no-store' and 'no-cache' respectively to prevent caching of this response. Any response that uses antiforgery should not be cached.&#xD;
warn: Microsoft.AspNetCore.Antiforgery.DefaultAntiforgery[8]&#xD;
      The 'Cache-Control' and 'Pragma' headers have been overridden and set to 'no-cache, no-store' and 'no-cache' respectively to prevent caching of this response. Any response that uses antiforgery should not be cached.&#xD;
info: Microsoft.Hosting.Lifetime[0]&#xD;
      Application is shutting down...&#xD;
info: Microsoft.Hosting.Lifetime[0]&#xD;
      Application started. Press Ctrl+C to shut down.&#xD;
info: Microsoft.Hosting.Lifetime[0]&#xD;
      Hosting environment: Testing&#xD;
info: Microsoft.Hosting.Lifetime[0]&#xD;
      Content root path: C:\SaProductions\Sonda\src\Sonda.Server&#xD;
warn: Microsoft.AspNetCore.Antiforgery.DefaultAntiforgery[8]&#xD;
      The 'Cache-Control' and 'Pragma' headers have been overridden and set to 'no-cache, no-store' and 'no-cache' respectively to prevent caching of this response. Any response that uses antiforgery should not be cached.&#xD;
warn: Microsoft.AspNetCore.Antiforgery.DefaultAntiforgery[8]&#xD;
      The 'Cache-Control' and 'Pragma' headers have been overridden and set to 'no-cache, no-store' and 'no-cache' respectively to prevent caching of this response. Any response that uses antiforgery should not be cached.&#xD;
info: Microsoft.Hosting.Lifetime[0]&#xD;
      Application is shutting down...&#xD;
info: Microsoft.Hosting.Lifetime[0]&#xD;
      Application started. Press Ctrl+C to shut down.&#xD;
info: Microsoft.Hosting.Lifetime[0]&#xD;
      Hosting environment: Testing&#xD;
info: Microsoft.Hosting.Lifetime[0]&#xD;
      Content root path: C:\SaProductions\Sonda\src\Sonda.Server&#xD;
warn: Microsoft.AspNetCore.Antiforgery.DefaultAntiforgery[8]&#xD;
      The 'Cache-Control' and 'Pragma' headers have been overridden and set to 'no-cache, no-store' and 'no-cache' respectively to prevent caching of this response. Any response that uses antiforgery should not be cached.&#xD;
warn: Microsoft.AspNetCore.Antiforgery.DefaultAntiforgery[8]&#xD;
      The 'Cache-Control' and 'Pragma' headers have been overridden and set to 'no-cache, no-store' and 'no-cache' respectively to prevent caching of this response. Any response that uses antiforgery should not be cached.&#xD;
info: Microsoft.Hosting.Lifetime[0]&#xD;
      Application is shutting down...&#xD;
info: Microsoft.Hosting.Lifetime[0]&#xD;
      Application started. Press Ctrl+C to shut down.&#xD;
info: Microsoft.Hosting.Lifetime[0]&#xD;
      Hosting environment: Testing&#xD;
info: Microsoft.Hosting.Lifetime[0]&#xD;
      Content root path: C:\SaProductions\Sonda\src\Sonda.Server&#xD;
info: Microsoft.Hosting.Lifetime[0]&#xD;
      Application is shutting down...&#xD;
info: Microsoft.Hosting.Lifetime[0]&#xD;
      Application started. Press Ctrl+C to shut down.&#xD;
info: Microsoft.Hosting.Lifetime[0]&#xD;
      Hosting environment: Testing&#xD;
info: Microsoft.Hosting.Lifetime[0]&#xD;
      Content root path: C:\SaProductions\Sonda\src\Sonda.Server&#xD;
warn: Microsoft.AspNetCore.Antiforgery.DefaultAntiforgery[8]&#xD;
      The 'Cache-Control' and 'Pragma' headers have been overridden and set to 'no-cache, no-store' and 'no-cache' respectively to prevent caching of this response. Any response that uses antiforgery should not be cached.&#xD;
warn: Microsoft.AspNetCore.Antiforgery.DefaultAntiforgery[8]&#xD;
      The 'Cache-Control' and 'Pragma' headers have been overridden and set to 'no-cache, no-store' and 'no-cache' respectively to prevent caching of this response. Any response that uses antiforgery should not be cached.&#xD;
info: Microsoft.Hosting.Lifetime[0]&#xD;
      Application is shutting down...&#xD;
info: Microsoft.Hosting.Lifetime[0]&#xD;
      Application started. Press Ctrl+C to shut down.&#xD;
info: Microsoft.Hosting.Lifetime[0]&#xD;
      Hosting environment: Testing&#xD;
info: Microsoft.Hosting.Lifetime[0]&#xD;
      Content root path: C:\SaProductions\Sonda\src\Sonda.Server&#xD;
warn: Microsoft.AspNetCore.Antiforgery.DefaultAntiforgery[8]&#xD;
      The 'Cache-Control' and 'Pragma' headers have been overridden and set to 'no-cache, no-store' and 'no-cache' respectively to prevent caching of this response. Any response that uses antiforgery should not be cached.&#xD;
warn: Microsoft.AspNetCore.Antiforgery.DefaultAntiforgery[8]&#xD;
      The 'Cache-Control' and 'Pragma' headers have been overridden and set to 'no-cache, no-store' and 'no-cache' respectively to prevent caching of this response. Any response that uses antiforgery should not be cached.&#xD;
info: Microsoft.Hosting.Lifetime[0]&#xD;
      Application is shutting down...&#xD;
info: Microsoft.Hosting.Lifetime[0]&#xD;
      Application started. Press Ctrl+C to shut down.&#xD;
info: Microsoft.Hosting.Lifetime[0]&#xD;
      Hosting environment: Testing&#xD;
info: Microsoft.Hosting.Lifetime[0]&#xD;
      Content root path: C:\SaProductions\Sonda\src\Sonda.Server&#xD;
warn: Microsoft.AspNetCore.Antiforgery.DefaultAntiforgery[8]&#xD;
      The 'Cache-Control' and 'Pragma' headers have been overridden and set to 'no-cache, no-store' and 'no-cache' respectively to prevent caching of this response. Any response that uses antiforgery should not be cached.&#xD;
warn: Microsoft.AspNetCore.Antiforgery.DefaultAntiforgery[8]&#xD;
      The 'Cache-Control' and 'Pragma' headers have been overridden and set to 'no-cache, no-store' and 'no-cache' respectively to prevent caching of this response. Any response that uses antiforgery should not be cached.&#xD;
warn: Microsoft.AspNetCore.Antiforgery.DefaultAntiforgery[8]&#xD;
      The 'Cache-Control' and 'Pragma' headers have been overridden and set to 'no-cache, no-store' and 'no-cache' respectively to prevent caching of this response. Any response that uses antiforgery should not be cached.&#xD;
warn: Microsoft.AspNetCore.Antiforgery.DefaultAntiforgery[8]&#xD;
      The 'Cache-Control' and 'Pragma' headers have been overridden and set to 'no-cache, no-store' and 'no-cache' respectively to prevent caching of this response. Any response that uses antiforgery should not be cached.&#xD;
info: Microsoft.Hosting.Lifetime[0]&#xD;
      Application is shutting down...&#xD;
info: Microsoft.Hosting.Lifetime[0]&#xD;
      Application started. Press Ctrl+C to shut down.&#xD;
info: Microsoft.Hosting.Lifetime[0]&#xD;
      Hosting environment: Testing&#xD;
info: Microsoft.Hosting.Lifetime[0]&#xD;
      Content root path: C:\SaProductions\Sonda\src\Sonda.Server&#xD;
warn: Microsoft.AspNetCore.Antiforgery.DefaultAntiforgery[8]&#xD;
      The 'Cache-Control' and 'Pragma' headers have been overridden and set to 'no-cache, no-store' and 'no-cache' respectively to prevent caching of this response. Any response that uses antiforgery should not be cached.&#xD;
warn: Microsoft.AspNetCore.Antiforgery.DefaultAntiforgery[8]&#xD;
      The 'Cache-Control' and 'Pragma' headers have been overridden and set to 'no-cache, no-store' and 'no-cache' respectively to prevent caching of this response. Any response that uses antiforgery should not be cached.&#xD;
info: Microsoft.Hosting.Lifetime[0]&#xD;
      Application is shutting down...&#xD;
info: Microsoft.Hosting.Lifetime[0]&#xD;
      Application started. Press Ctrl+C to shut down.&#xD;
info: Microsoft.Hosting.Lifetime[0]&#xD;
      Hosting environment: Testing&#xD;
info: Microsoft.Hosting.Lifetime[0]&#xD;
      Content root path: C:\SaProductions\Sonda\src\Sonda.Server&#xD;
warn: Microsoft.AspNetCore.Antiforgery.DefaultAntiforgery[8]&#xD;
      The 'Cache-Control' and 'Pragma' headers have been overridden and set to 'no-cache, no-store' and 'no-cache' respectively to prevent caching of this response. Any response that uses antiforgery should not be cached.&#xD;
warn: Microsoft.AspNetCore.Antiforgery.DefaultAntiforgery[8]&#xD;
      The 'Cache-Control' and 'Pragma' headers have been overridden and set to 'no-cache, no-store' and 'no-cache' respectively to prevent caching of this response. Any response that uses antiforgery should not be cached.&#xD;
info: Microsoft.Hosting.Lifetime[0]&#xD;
      Application is shutting down...&#xD;
info: Microsoft.Hosting.Lifetime[0]&#xD;
      Application started. Press Ctrl+C to shut down.&#xD;
info: Microsoft.Hosting.Lifetime[0]&#xD;
      Hosting environment: Testing&#xD;
info: Microsoft.Hosting.Lifetime[0]&#xD;
      Content root path: C:\SaProductions\Sonda\src\Sonda.Server&#xD;
warn: Microsoft.AspNetCore.Antiforgery.DefaultAntiforgery[8]&#xD;
      The 'Cache-Control' and 'Pragma' headers have been overridden and set to 'no-cache, no-store' and 'no-cache' respectively to prevent caching of this response. Any response that uses antiforgery should not be cached.&#xD;
warn: Microsoft.AspNetCore.Antiforgery.DefaultAntiforgery[8]&#xD;
      The 'Cache-Control' and 'Pragma' headers have been overridden and set to 'no-cache, no-store' and 'no-cache' respectively to prevent caching of this response. Any response that uses antiforgery should not be cached.&#xD;
info: Microsoft.Hosting.Lifetime[0]&#xD;
      Application is shutting down...&#xD;
info: Microsoft.Hosting.Lifetime[0]&#xD;
      Application started. Press Ctrl+C to shut down.&#xD;
info: Microsoft.Hosting.Lifetime[0]&#xD;
      Hosting environment: Testing&#xD;
info: Microsoft.Hosting.Lifetime[0]&#xD;
      Content root path: C:\SaProductions\Sonda\src\Sonda.Server&#xD;
info: Microsoft.Hosting.Lifetime[0]&#xD;
      Application is shutting down...&#xD;
info: Microsoft.Hosting.Lifetime[0]&#xD;
      Application started. Press Ctrl+C to shut down.&#xD;
info: Microsoft.Hosting.Lifetime[0]&#xD;
      Hosting environment: Testing&#xD;
info: Microsoft.Hosting.Lifetime[0]&#xD;
      Content root path: C:\SaProductions\Sonda\src\Sonda.Server&#xD;
info: Microsoft.Hosting.Lifetime[0]&#xD;
      Application is shutting down...&#xD;
info: Microsoft.Hosting.Lifetime[0]&#xD;
      Application started. Press Ctrl+C to shut down.&#xD;
info: Microsoft.Hosting.Lifetime[0]&#xD;
      Hosting environment: Testing&#xD;
info: Microsoft.Hosting.Lifetime[0]&#xD;
      Content root path: C:\SaProductions\Sonda\src\Sonda.Server&#xD;
info: Microsoft.Hosting.Lifetime[0]&#xD;
      Application is shutting down...&#xD;
info: Microsoft.Hosting.Lifetime[0]&#xD;
      Application started. Press Ctrl+C to shut down.&#xD;
info: Microsoft.Hosting.Lifetime[0]&#xD;
      Hosting environment: Testing&#xD;
info: Microsoft.Hosting.Lifetime[0]&#xD;
      Content root path: C:\SaProductions\Sonda\src\Sonda.Server&#xD;
info: Microsoft.Hosting.Lifetime[0]&#xD;
      Application is shutting down...&#xD;
info: Microsoft.Hosting.Lifetime[0]&#xD;
      Application started. Press Ctrl+C to shut down.&#xD;
info: Microsoft.Hosting.Lifetime[0]&#xD;
      Hosting environment: Testing&#xD;
info: Microsoft.Hosting.Lifetime[0]&#xD;
      Content root path: C:\SaProductions\Sonda\src\Sonda.Server&#xD;
info: Microsoft.Hosting.Lifetime[0]&#xD;
      Application is shutting down...&#xD;
info: Microsoft.Hosting.Lifetime[0]&#xD;
      Application started. Press Ctrl+C to shut down.&#xD;
info: Microsoft.Hosting.Lifetime[0]&#xD;
      Hosting environment: Testing&#xD;
info: Microsoft.Hosting.Lifetime[0]&#xD;
      Content root path: C:\SaProductions\Sonda\src\Sonda.Server&#xD;
info: Microsoft.Hosting.Lifetime[0]&#xD;
      Application is shutting down...&#xD;
info: Microsoft.Hosting.Lifetime[0]&#xD;
      Application started. Press Ctrl+C to shut down.&#xD;
info: Microsoft.Hosting.Lifetime[0]&#xD;
      Hosting environment: Testing&#xD;
info: Microsoft.Hosting.Lifetime[0]&#xD;
      Content root path: C:\SaProductions\Sonda\src\Sonda.Server&#xD;
info: Microsoft.Hosting.Lifetime[0]&#xD;
      Application is shutting down...&#xD;
info: Microsoft.Hosting.Lifetime[0]&#xD;
      Application started. Press Ctrl+C to shut down.&#xD;
info: Microsoft.Hosting.Lifetime[0]&#xD;
      Hosting environment: Testing&#xD;
info: Microsoft.Hosting.Lifetime[0]&#xD;
      Content root path: C:\SaProductions\Sonda\src\Sonda.Server&#xD;
info: Microsoft.Hosting.Lifetime[0]&#xD;
      Application is shutting down...&#xD;
[xUnit.net 00:00:47.73]   Finished:    Sonda.Api.Tests&#xD;
</StdOut>
    </Output>
  </ResultSummary>
</TestRun>