<?xml version="1.0" encoding="utf-8"?>
<TestRun id="df249471-195a-4bac-b425-e282f59fbbb5" name="sapro@ASUSPROART 2026-09-24 10:47:41" runUser="ASUSPROART\sapro" xmlns="http://microsoft.com/schemas/VisualStudio/TeamTest/2010">
  <Times creation="2026-09-24T10:47:41.8410298-04:00" queuing="2026-09-24T10:47:41.8410306-04:00" start="2026-09-24T10:47:34.0105767-04:00" finish="2026-09-24T10:47:59.5234012-04:00" />
  <TestSettings name="default" id="f80568e2-4896-4701-b318-bb2e622bc7ba">
    <Deployment runDeploymentRoot="sapro_ASUSPROART_2026-09-24_10_47_41" />
  </TestSettings>
  <Results>
    <UnitTestResult executionId="0329dc2c-498c-4bad-9b32-c9eaa9905d7f" testId="fb546d3b-d102-b142-4867-aae9fd94e121" testName="Sonda.Api.Tests.SecurityTests.Durable_idle_expiry_is_enforced_on_next_request" computerName="ASUSPROART" duration="00:00:02.9769134" startTime="2026-09-24T10:47:41.6417404-04:00" endTime="2026-09-24T10:47:44.6024388-04:00" testType="13cdc9d9-ddb5-4fa4-a97d-d965ccfc6d4b" outcome="Passed" testListId="8c84fa94-04c1-424b-9868-57a2d4851a1d" relativeResultsDirectory="0329dc2c-498c-4bad-9b32-c9eaa9905d7f" />
    <UnitTestResult executionId="4114d958-ce75-4f31-88fb-8eca5f543309" testId="eb50c9eb-1554-57f6-6be3-851d3ae84d98" testName="Sonda.Api.Tests.SecurityTests.Foreign_and_missing_configuration_resources_are_indistinguishable" computerName="ASUSPROART" duration="00:00:01.3951893" startTime="2026-09-24T10:47:52.8725011-04:00" endTime="2026-09-24T10:47:54.2678986-04:00" testType="13cdc9d9-ddb5-4fa4-a97d-d965ccfc6d4b" outcome="Passed" testListId="8c84fa94-04c1-424b-9868-57a2d4851a1d" relativeResultsDirectory="4114d958-ce75-4f31-88fb-8eca5f543309" />
    <UnitTestResult executionId="931394b6-a924-45c2-b3cb-8ea093fb8df5" testId="68ea9a2d-64fa-7707-e6f4-75c97e3c14b1" testName="Sonda.Api.Tests.SecurityTests.Last_admin_cannot_disable_self" computerName="ASUSPROART" duration="00:00:00.9709928" startTime="2026-09-24T10:47:45.8179099-04:00" endTime="2026-09-24T10:47:46.7893379-04:00" testType="13cdc9d9-ddb5-4fa4-a97d-d965ccfc6d4b" outcome="Passed" testListId="8c84fa94-04c1-424b-9868-57a2d4851a1d" relativeResultsDirectory="931394b6-a924-45c2-b3cb-8ea093fb8df5" />
    <UnitTestResult executionId="407f9fd6-662c-4dc4-94d0-6e36d2307d56" testId="1e660a35-f057-3545-f18a-782c9a110abf" testName="Sonda.Api.Tests.SecurityTests.Admin_provisions_through_real_authenticated_pipeline_with_replay" computerName="ASUSPROART" duration="00:00:01.3326103" startTime="2026-09-24T10:47:47.3403575-04:00" endTime="2026-09-24T10:47:48.6735188-04:00" testType="13cdc9d9-ddb5-4fa4-a97d-d965ccfc6d4b" outcome="Passed" testListId="8c84fa94-04c1-424b-9868-57a2d4851a1d" relativeResultsDirectory="407f9fd6-662c-4dc4-94d0-6e36d2307d56" />
    <UnitTestResult executionId="86702dee-efe1-425d-a6bc-1a6a09c6f2a1" testId="a23f403c-8808-e11a-45eb-8db26548d617" testName="Sonda.Api.Tests.SecurityTests.Every_protected_route_denies_anonymous_access_before_resource_binding" computerName="ASUSPROART" duration="00:00:01.3577253" startTime="2026-09-24T10:47:40.2909138-04:00" endTime="2026-09-24T10:47:41.6206229-04:00" testType="13cdc9d9-ddb5-4fa4-a97d-d965ccfc6d4b" outcome="Passed" testListId="8c84fa94-04c1-424b-9868-57a2d4851a1d" relativeResultsDirectory="86702dee-efe1-425d-a6bc-1a6a09c6f2a1" />
    <UnitTestResult executionId="34dc819f-b9ca-4adf-b9e4-98af8cf34d35" testId="3b921b16-9dba-9612-443b-0bb86a221255" testName="Sonda.Api.Tests.SecurityTests.Anonymous_provisioning_is_denied_and_login_requires_csrf" computerName="ASUSPROART" duration="00:00:00.5496133" startTime="2026-09-24T10:47:46.7898843-04:00" endTime="2026-09-24T10:47:47.3397370-04:00" testType="13cdc9d9-ddb5-4fa4-a97d-d965ccfc6d4b" outcome="Passed" testListId="8c84fa94-04c1-424b-9868-57a2d4851a1d" relativeResultsDirectory="34dc819f-b9ca-4adf-b9e4-98af8cf34d35" />
    <UnitTestResult executionId="db985e67-c22f-4b32-a58b-e8c304dc2aa1" testId="08f3dfc2-15c8-fc99-9a77-a596fd2af122" testName="Sonda.Api.Tests.SecurityTests.Logout_revokes_durable_session_and_denies_next_request" computerName="ASUSPROART" duration="00:00:00.9444254" startTime="2026-09-24T10:47:48.6744219-04:00" endTime="2026-09-24T10:47:49.6189620-04:00" testType="13cdc9d9-ddb5-4fa4-a97d-d965ccfc6d4b" outcome="Passed" testListId="8c84fa94-04c1-424b-9868-57a2d4851a1d" relativeResultsDirectory="db985e67-c22f-4b32-a58b-e8c304dc2aa1" />
    <UnitTestResult executionId="25c1641d-7f22-40ab-aa7c-e0e9e2861cfb" testId="9421509e-1f38-8d47-7f5d-e9c399d7a64c" testName="Sonda.Api.Tests.SecurityTests.New_configuration_requires_simulation_publication_and_explicit_activation" computerName="ASUSPROART" duration="00:00:03.7452078" startTime="2026-09-24T10:47:54.2682303-04:00" endTime="2026-09-24T10:47:58.0140079-04:00" testType="13cdc9d9-ddb5-4fa4-a97d-d965ccfc6d4b" outcome="Passed" testListId="8c84fa94-04c1-424b-9868-57a2d4851a1d" relativeResultsDirectory="25c1641d-7f22-40ab-aa7c-e0e9e2861cfb" />
    <UnitTestResult executionId="c4a8e81b-b766-4ae5-8d79-e6756390d5a3" testId="afc88a91-0a8c-64a6-d5c4-c2aaf10fb340" testName="Sonda.Api.Tests.SecurityTests.Member_cannot_provision_and_disable_revokes_existing_cookie" computerName="ASUSPROART" duration="00:00:01.3652399" startTime="2026-09-24T10:47:49.6193637-04:00" endTime="2026-09-24T10:47:50.9851268-04:00" testType="13cdc9d9-ddb5-4fa4-a97d-d965ccfc6d4b" outcome="Passed" testListId="8c84fa94-04c1-424b-9868-57a2d4851a1d" relativeResultsDirectory="c4a8e81b-b766-4ae5-8d79-e6756390d5a3" />
    <UnitTestResult executionId="595cbd83-9d3b-4f47-aa6c-738af19948df" testId="4adebcff-56fb-4dda-2606-c9a359343fed" testName="Sonda.Api.Tests.SecurityTests.Openapi_documents_cookie_csrf_and_admin_provisioning" computerName="ASUSPROART" duration="00:00:01.2137166" startTime="2026-09-24T10:47:44.6062679-04:00" endTime="2026-09-24T10:47:45.8171264-04:00" testType="13cdc9d9-ddb5-4fa4-a97d-d965ccfc6d4b" outcome="Passed" testListId="8c84fa94-04c1-424b-9868-57a2d4851a1d" relativeResultsDirectory="595cbd83-9d3b-4f47-aa6c-738af19948df" />
    <UnitTestResult executionId="987f25d3-f000-4f5d-847d-bede8927395f" testId="3c4d3961-e9ed-b6fa-cb4c-4a873d0f7418" testName="Sonda.Api.Tests.SecurityTests.Missing_expected_revision_is_not_interpreted_as_zero" computerName="ASUSPROART" duration="00:00:01.0323971" startTime="2026-09-24T10:47:58.0154360-04:00" endTime="2026-09-24T10:47:59.0477131-04:00" testType="13cdc9d9-ddb5-4fa4-a97d-d965ccfc6d4b" outcome="Passed" testListId="8c84fa94-04c1-424b-9868-57a2d4851a1d" relativeResultsDirectory="987f25d3-f000-4f5d-847d-bede8927395f" />
    <UnitTestResult executionId="ffef1f57-5ef0-48c2-864a-adc1fb444d37" testId="3eb1bf74-204a-afd4-2c2b-964e2a8c4b7d" testName="Sonda.Api.Tests.SecurityTests.Unknown_authority_fields_and_cross_origin_mutation_are_rejected" computerName="ASUSPROART" duration="00:00:00.8719165" startTime="2026-09-24T10:47:51.9998477-04:00" endTime="2026-09-24T10:47:52.8720879-04:00" testType="13cdc9d9-ddb5-4fa4-a97d-d965ccfc6d4b" outcome="Passed" testListId="8c84fa94-04c1-424b-9868-57a2d4851a1d" relativeResultsDirectory="ffef1f57-5ef0-48c2-864a-adc1fb444d37" />
    <UnitTestResult executionId="737836ed-99e3-4a1f-abd9-9c7e02ba7bfb" testId="ee3f5736-6e2b-9f71-9b8b-9151d9d0d939" testName="Sonda.Api.Tests.SecurityTests.Strict_filters_chunked_limits_and_null_configuration_fail_without_mutation" computerName="ASUSPROART" duration="00:00:01.0129474" startTime="2026-09-24T10:47:50.9854483-04:00" endTime="2026-09-24T10:47:51.9991759-04:00" testType="13cdc9d9-ddb5-4fa4-a97d-d965ccfc6d4b" outcome="Passed" testListId="8c84fa94-04c1-424b-9868-57a2d4851a1d" relativeResultsDirectory="737836ed-99e3-4a1f-abd9-9c7e02ba7bfb" />
  </Results>
  <TestDefinitions>
    <UnitTest name="Sonda.Api.Tests.SecurityTests.Logout_revokes_durable_session_and_denies_next_request" storage="c:\saproductions\sonda\tests\sonda.api.tests\bin\debug\net10.0\sonda.api.tests.dll" id="08f3dfc2-15c8-fc99-9a77-a596fd2af122">
      <Execution id="db985e67-c22f-4b32-a58b-e8c304dc2aa1" />
      <TestMethod codeBase="C:\SaProductions\Sonda\tests\Sonda.Api.Tests\bin\Debug\net10.0\Sonda.Api.Tests.dll" adapterTypeName="executor://xunit/VsTestRunner3/netcore/" className="Sonda.Api.Tests.SecurityTests" name="Logout_revokes_durable_session_and_denies_next_request" />
    </UnitTest>
    <UnitTest name="Sonda.Api.Tests.SecurityTests.Anonymous_provisioning_is_denied_and_login_requires_csrf" storage="c:\saproductions\sonda\tests\sonda.api.tests\bin\debug\net10.0\sonda.api.tests.dll" id="3b921b16-9dba-9612-443b-0bb86a221255">
      <Execution id="34dc819f-b9ca-4adf-b9e4-98af8cf34d35" />
      <TestMethod codeBase="C:\SaProductions\Sonda\tests\Sonda.Api.Tests\bin\Debug\net10.0\Sonda.Api.Tests.dll" adapterTypeName="executor://xunit/VsTestRunner3/netcore/" className="Sonda.Api.Tests.SecurityTests" name="Anonymous_provisioning_is_denied_and_login_requires_csrf" />
    </UnitTest>
    <UnitTest name="Sonda.Api.Tests.SecurityTests.Durable_idle_expiry_is_enforced_on_next_request" storage="c:\saproductions\sonda\tests\sonda.api.tests\bin\debug\net10.0\sonda.api.tests.dll" id="fb546d3b-d102-b142-4867-aae9fd94e121">
      <Execution id="0329dc2c-498c-4bad-9b32-c9eaa9905d7f" />
      <TestMethod codeBase="C:\SaProductions\Sonda\tests\Sonda.Api.Tests\bin\Debug\net10.0\Sonda.Api.Tests.dll" adapterTypeName="executor://xunit/VsTestRunner3/netcore/" className="Sonda.Api.Tests.SecurityTests" name="Durable_idle_expiry_is_enforced_on_next_request" />
    </UnitTest>
    <UnitTest name="Sonda.Api.Tests.SecurityTests.Foreign_and_missing_configuration_resources_are_indistinguishable" storage="c:\saproductions\sonda\tests\sonda.api.tests\bin\debug\net10.0\sonda.api.tests.dll" id="eb50c9eb-1554-57f6-6be3-851d3ae84d98">
      <Execution id="4114d958-ce75-4f31-88fb-8eca5f543309" />
      <TestMethod codeBase="C:\SaProductions\Sonda\tests\Sonda.Api.Tests\bin\Debug\net10.0\Sonda.Api.Tests.dll" adapterTypeName="executor://xunit/VsTestRunner3/netcore/" className="Sonda.Api.Tests.SecurityTests" name="Foreign_and_missing_configuration_resources_are_indistinguishable" />
    </UnitTest>
    <UnitTest name="Sonda.Api.Tests.SecurityTests.New_configuration_requires_simulation_publication_and_explicit_activation" storage="c:\saproductions\sonda\tests\sonda.api.tests\bin\debug\net10.0\sonda.api.tests.dll" id="9421509e-1f38-8d47-7f5d-e9c399d7a64c">
      <Execution id="25c1641d-7f22-40ab-aa7c-e0e9e2861cfb" />
      <TestMethod codeBase="C:\SaProductions\Sonda\tests\Sonda.Api.Tests\bin\Debug\net10.0\Sonda.Api.Tests.dll" adapterTypeName="executor://xunit/VsTestRunner3/netcore/" className="Sonda.Api.Tests.SecurityTests" name="New_configuration_requires_simulation_publication_and_explicit_activation" />
    </UnitTest>
    <UnitTest name="Sonda.Api.Tests.SecurityTests.Missing_expected_revision_is_not_interpreted_as_zero" storage="c:\saproductions\sonda\tests\sonda.api.tests\bin\debug\net10.0\sonda.api.tests.dll" id="3c4d3961-e9ed-b6fa-cb4c-4a873d0f7418">
      <Execution id="987f25d3-f000-4f5d-847d-bede8927395f" />
      <TestMethod codeBase="C:\SaProductions\Sonda\tests\Sonda.Api.Tests\bin\Debug\net10.0\Sonda.Api.Tests.dll" adapterTypeName="executor://xunit/VsTestRunner3/netcore/" className="Sonda.Api.Tests.SecurityTests" name="Missing_expected_revision_is_not_interpreted_as_zero" />
    </UnitTest>
    <UnitTest name="Sonda.Api.Tests.SecurityTests.Openapi_documents_cookie_csrf_and_admin_provisioning" storage="c:\saproductions\sonda\tests\sonda.api.tests\bin\debug\net10.0\sonda.api.tests.dll" id="4adebcff-56fb-4dda-2606-c9a359343fed">
      <Execution id="595cbd83-9d3b-4f47-aa6c-738af19948df" />
      <TestMethod codeBase="C:\SaProductions\Sonda\tests\Sonda.Api.Tests\bin\Debug\net10.0\Sonda.Api.Tests.dll" adapterTypeName="executor://xunit/VsTestRunner3/netcore/" className="Sonda.Api.Tests.SecurityTests" name="Openapi_documents_cookie_csrf_and_admin_provisioning" />
    </UnitTest>
    <UnitTest name="Sonda.Api.Tests.SecurityTests.Unknown_authority_fields_and_cross_origin_mutation_are_rejected" storage="c:\saproductions\sonda\tests\sonda.api.tests\bin\debug\net10.0\sonda.api.tests.dll" id="3eb1bf74-204a-afd4-2c2b-964e2a8c4b7d">
      <Execution id="ffef1f57-5ef0-48c2-864a-adc1fb444d37" />
      <TestMethod codeBase="C:\SaProductions\Sonda\tests\Sonda.Api.Tests\bin\Debug\net10.0\Sonda.Api.Tests.dll" adapterTypeName="executor://xunit/VsTestRunner3/netcore/" className="Sonda.Api.Tests.SecurityTests" name="Unknown_authority_fields_and_cross_origin_mutation_are_rejected" />
    </UnitTest>
    <UnitTest name="Sonda.Api.Tests.SecurityTests.Last_admin_cannot_disable_self" storage="c:\saproductions\sonda\tests\sonda.api.tests\bin\debug\net10.0\sonda.api.tests.dll" id="68ea9a2d-64fa-7707-e6f4-75c97e3c14b1">
      <Execution id="931394b6-a924-45c2-b3cb-8ea093fb8df5" />
      <TestMethod codeBase="C:\SaProductions\Sonda\tests\Sonda.Api.Tests\bin\Debug\net10.0\Sonda.Api.Tests.dll" adapterTypeName="executor://xunit/VsTestRunner3/netcore/" className="Sonda.Api.Tests.SecurityTests" name="Last_admin_cannot_disable_self" />
    </UnitTest>
    <UnitTest name="Sonda.Api.Tests.SecurityTests.Every_protected_route_denies_anonymous_access_before_resource_binding" storage="c:\saproductions\sonda\tests\sonda.api.tests\bin\debug\net10.0\sonda.api.tests.dll" id="a23f403c-8808-e11a-45eb-8db26548d617">
      <Execution id="86702dee-efe1-425d-a6bc-1a6a09c6f2a1" />
      <TestMethod codeBase="C:\SaProductions\Sonda\tests\Sonda.Api.Tests\bin\Debug\net10.0\Sonda.Api.Tests.dll" adapterTypeName="executor://xunit/VsTestRunner3/netcore/" className="Sonda.Api.Tests.SecurityTests" name="Every_protected_route_denies_anonymous_access_before_resource_binding" />
    </UnitTest>
    <UnitTest name="Sonda.Api.Tests.SecurityTests.Admin_provisions_through_real_authenticated_pipeline_with_replay" storage="c:\saproductions\sonda\tests\sonda.api.tests\bin\debug\net10.0\sonda.api.tests.dll" id="1e660a35-f057-3545-f18a-782c9a110abf">
      <Execution id="407f9fd6-662c-4dc4-94d0-6e36d2307d56" />
      <TestMethod codeBase="C:\SaProductions\Sonda\tests\Sonda.Api.Tests\bin\Debug\net10.0\Sonda.Api.Tests.dll" adapterTypeName="executor://xunit/VsTestRunner3/netcore/" className="Sonda.Api.Tests.SecurityTests" name="Admin_provisions_through_real_authenticated_pipeline_with_replay" />
    </UnitTest>
    <UnitTest name="Sonda.Api.Tests.SecurityTests.Strict_filters_chunked_limits_and_null_configuration_fail_without_mutation" storage="c:\saproductions\sonda\tests\sonda.api.tests\bin\debug\net10.0\sonda.api.tests.dll" id="ee3f5736-6e2b-9f71-9b8b-9151d9d0d939">
      <Execution id="737836ed-99e3-4a1f-abd9-9c7e02ba7bfb" />
      <TestMethod codeBase="C:\SaProductions\Sonda\tests\Sonda.Api.Tests\bin\Debug\net10.0\Sonda.Api.Tests.dll" adapterTypeName="executor://xunit/VsTestRunner3/netcore/" className="Sonda.Api.Tests.SecurityTests" name="Strict_filters_chunked_limits_and_null_configuration_fail_without_mutation" />
    </UnitTest>
    <UnitTest name="Sonda.Api.Tests.SecurityTests.Member_cannot_provision_and_disable_revokes_existing_cookie" storage="c:\saproductions\sonda\tests\sonda.api.tests\bin\debug\net10.0\sonda.api.tests.dll" id="afc88a91-0a8c-64a6-d5c4-c2aaf10fb340">
      <Execution id="c4a8e81b-b766-4ae5-8d79-e6756390d5a3" />
      <TestMethod codeBase="C:\SaProductions\Sonda\tests\Sonda.Api.Tests\bin\Debug\net10.0\Sonda.Api.Tests.dll" adapterTypeName="executor://xunit/VsTestRunner3/netcore/" className="Sonda.Api.Tests.SecurityTests" name="Member_cannot_provision_and_disable_revokes_existing_cookie" />
    </UnitTest>
  </TestDefinitions>
  <TestEntries>
    <TestEntry testId="fb546d3b-d102-b142-4867-aae9fd94e121" executionId="0329dc2c-498c-4bad-9b32-c9eaa9905d7f" testListId="8c84fa94-04c1-424b-9868-57a2d4851a1d" />
    <TestEntry testId="eb50c9eb-1554-57f6-6be3-851d3ae84d98" executionId="4114d958-ce75-4f31-88fb-8eca5f543309" testListId="8c84fa94-04c1-424b-9868-57a2d4851a1d" />
    <TestEntry testId="68ea9a2d-64fa-7707-e6f4-75c97e3c14b1" executionId="931394b6-a924-45c2-b3cb-8ea093fb8df5" testListId="8c84fa94-04c1-424b-9868-57a2d4851a1d" />
    <TestEntry testId="1e660a35-f057-3545-f18a-782c9a110abf" executionId="407f9fd6-662c-4dc4-94d0-6e36d2307d56" testListId="8c84fa94-04c1-424b-9868-57a2d4851a1d" />
    <TestEntry testId="a23f403c-8808-e11a-45eb-8db26548d617" executionId="86702dee-efe1-425d-a6bc-1a6a09c6f2a1" testListId="8c84fa94-04c1-424b-9868-57a2d4851a1d" />
    <TestEntry testId="3b921b16-9dba-9612-443b-0bb86a221255" executionId="34dc819f-b9ca-4adf-b9e4-98af8cf34d35" testListId="8c84fa94-04c1-424b-9868-57a2d4851a1d" />
    <TestEntry testId="08f3dfc2-15c8-fc99-9a77-a596fd2af122" executionId="db985e67-c22f-4b32-a58b-e8c304dc2aa1" testListId="8c84fa94-04c1-424b-9868-57a2d4851a1d" />
    <TestEntry testId="9421509e-1f38-8d47-7f5d-e9c399d7a64c" executionId="25c1641d-7f22-40ab-aa7c-e0e9e2861cfb" testListId="8c84fa94-04c1-424b-9868-57a2d4851a1d" />
    <TestEntry testId="afc88a91-0a8c-64a6-d5c4-c2aaf10fb340" executionId="c4a8e81b-b766-4ae5-8d79-e6756390d5a3" testListId="8c84fa94-04c1-424b-9868-57a2d4851a1d" />
    <TestEntry testId="4adebcff-56fb-4dda-2606-c9a359343fed" executionId="595cbd83-9d3b-4f47-aa6c-738af19948df" testListId="8c84fa94-04c1-424b-9868-57a2d4851a1d" />
    <TestEntry testId="3c4d3961-e9ed-b6fa-cb4c-4a873d0f7418" executionId="987f25d3-f000-4f5d-847d-bede8927395f" testListId="8c84fa94-04c1-424b-9868-57a2d4851a1d" />
    <TestEntry testId="3eb1bf74-204a-afd4-2c2b-964e2a8c4b7d" executionId="ffef1f57-5ef0-48c2-864a-adc1fb444d37" testListId="8c84fa94-04c1-424b-9868-57a2d4851a1d" />
    <TestEntry testId="ee3f5736-6e2b-9f71-9b8b-9151d9d0d939" executionId="737836ed-99e3-4a1f-abd9-9c7e02ba7bfb" testListId="8c84fa94-04c1-424b-9868-57a2d4851a1d" />
  </TestEntries>
  <TestLists>
    <TestList name="Results Not in a List" id="8c84fa94-04c1-424b-9868-57a2d4851a1d" />
    <TestList name="All Loaded Results" id="19431567-8539-422a-85d7-44ee4e166bda" />
  </TestLists>
  <ResultSummary outcome="Completed">
    <Counters total="13" executed="13" passed="13" failed="0" error="0" timeout="0" aborted="0" inconclusive="0" passedButRunAborted="0" notRunnable="0" notExecuted="0" disconnected="0" warning="0" completed="0" inProgress="0" pending="0" />
    <Output>
      <StdOut>[xUnit.net 00:00:00.00] xUnit.net VSTest Adapter v3.1.1+bf6400fd51 (64-bit .NET 10.0.12)&#xD;
[xUnit.net 00:00:00.35]   Discovering: Sonda.Api.Tests&#xD;
[xUnit.net 00:00:00.45]   Discovered:  Sonda.Api.Tests&#xD;
[xUnit.net 00:00:00.51]   Starting:    Sonda.Api.Tests&#xD;
info: Microsoft.Hosting.Lifetime[0]&#xD;
      Application started. Press Ctrl+C to shut down.&#xD;
info: Microsoft.Hosting.Lifetime[0]&#xD;
      Hosting environment: Testing&#xD;
info: Microsoft.Hosting.Lifetime[0]&#xD;
      Content root path: C:\SaProductions\Sonda\src\Sonda.Server&#xD;
info: Microsoft.Hosting.Lifetime[0]&#xD;
      Application is shutting down...&#xD;
info: Microsoft.Hosting.Lifetime[0]&#xD;
      Application started. Press Ctrl+C to shut down.&#xD;
info: Microsoft.Hosting.Lifetime[0]&#xD;
      Hosting environment: Testing&#xD;
info: Microsoft.Hosting.Lifetime[0]&#xD;
      Content root path: C:\SaProductions\Sonda\src\Sonda.Server&#xD;
warn: Microsoft.AspNetCore.Antiforgery.DefaultAntiforgery[8]&#xD;
      The 'Cache-Control' and 'Pragma' headers have been overridden and set to 'no-cache, no-store' and 'no-cache' respectively to prevent caching of this response. Any response that uses antiforgery should not be cached.&#xD;
warn: Microsoft.AspNetCore.Antiforgery.DefaultAntiforgery[8]&#xD;
      The 'Cache-Control' and 'Pragma' headers have been overridden and set to 'no-cache, no-store' and 'no-cache' respectively to prevent caching of this response. Any response that uses antiforgery should not be cached.&#xD;
info: Microsoft.Hosting.Lifetime[0]&#xD;
      Application is shutting down...&#xD;
info: Microsoft.Hosting.Lifetime[0]&#xD;
      Application started. Press Ctrl+C to shut down.&#xD;
info: Microsoft.Hosting.Lifetime[0]&#xD;
      Hosting environment: Testing&#xD;
info: Microsoft.Hosting.Lifetime[0]&#xD;
      Content root path: C:\SaProductions\Sonda\src\Sonda.Server&#xD;
warn: Microsoft.AspNetCore.Antiforgery.DefaultAntiforgery[8]&#xD;
      The 'Cache-Control' and 'Pragma' headers have been overridden and set to 'no-cache, no-store' and 'no-cache' respectively to prevent caching of this response. Any response that uses antiforgery should not be cached.&#xD;
warn: Microsoft.AspNetCore.Antiforgery.DefaultAntiforgery[8]&#xD;
      The 'Cache-Control' and 'Pragma' headers have been overridden and set to 'no-cache, no-store' and 'no-cache' respectively to prevent caching of this response. Any response that uses antiforgery should not be cached.&#xD;
info: Microsoft.Hosting.Lifetime[0]&#xD;
      Application is shutting down...&#xD;
info: Microsoft.Hosting.Lifetime[0]&#xD;
      Application started. Press Ctrl+C to shut down.&#xD;
info: Microsoft.Hosting.Lifetime[0]&#xD;
      Hosting environment: Testing&#xD;
info: Microsoft.Hosting.Lifetime[0]&#xD;
      Content root path: C:\SaProductions\Sonda\src\Sonda.Server&#xD;
warn: Microsoft.AspNetCore.Antiforgery.DefaultAntiforgery[8]&#xD;
      The 'Cache-Control' and 'Pragma' headers have been overridden and set to 'no-cache, no-store' and 'no-cache' respectively to prevent caching of this response. Any response that uses antiforgery should not be cached.&#xD;
warn: Microsoft.AspNetCore.Antiforgery.DefaultAntiforgery[8]&#xD;
      The 'Cache-Control' and 'Pragma' headers have been overridden and set to 'no-cache, no-store' and 'no-cache' respectively to prevent caching of this response. Any response that uses antiforgery should not be cached.&#xD;
info: Microsoft.Hosting.Lifetime[0]&#xD;
      Application is shutting down...&#xD;
info: Microsoft.Hosting.Lifetime[0]&#xD;
      Application started. Press Ctrl+C to shut down.&#xD;
info: Microsoft.Hosting.Lifetime[0]&#xD;
      Hosting environment: Testing&#xD;
info: Microsoft.Hosting.Lifetime[0]&#xD;
      Content root path: C:\SaProductions\Sonda\src\Sonda.Server&#xD;
info: Microsoft.Hosting.Lifetime[0]&#xD;
      Application is shutting down...&#xD;
info: Microsoft.Hosting.Lifetime[0]&#xD;
      Application started. Press Ctrl+C to shut down.&#xD;
info: Microsoft.Hosting.Lifetime[0]&#xD;
      Hosting environment: Testing&#xD;
info: Microsoft.Hosting.Lifetime[0]&#xD;
      Content root path: C:\SaProductions\Sonda\src\Sonda.Server&#xD;
warn: Microsoft.AspNetCore.Antiforgery.DefaultAntiforgery[8]&#xD;
      The 'Cache-Control' and 'Pragma' headers have been overridden and set to 'no-cache, no-store' and 'no-cache' respectively to prevent caching of this response. Any response that uses antiforgery should not be cached.&#xD;
warn: Microsoft.AspNetCore.Antiforgery.DefaultAntiforgery[8]&#xD;
      The 'Cache-Control' and 'Pragma' headers have been overridden and set to 'no-cache, no-store' and 'no-cache' respectively to prevent caching of this response. Any response that uses antiforgery should not be cached.&#xD;
info: Microsoft.Hosting.Lifetime[0]&#xD;
      Application is shutting down...&#xD;
info: Microsoft.Hosting.Lifetime[0]&#xD;
      Application started. Press Ctrl+C to shut down.&#xD;
info: Microsoft.Hosting.Lifetime[0]&#xD;
      Hosting environment: Testing&#xD;
info: Microsoft.Hosting.Lifetime[0]&#xD;
      Content root path: C:\SaProductions\Sonda\src\Sonda.Server&#xD;
warn: Microsoft.AspNetCore.Antiforgery.DefaultAntiforgery[8]&#xD;
      The 'Cache-Control' and 'Pragma' headers have been overridden and set to 'no-cache, no-store' and 'no-cache' respectively to prevent caching of this response. Any response that uses antiforgery should not be cached.&#xD;
warn: Microsoft.AspNetCore.Antiforgery.DefaultAntiforgery[8]&#xD;
      The 'Cache-Control' and 'Pragma' headers have been overridden and set to 'no-cache, no-store' and 'no-cache' respectively to prevent caching of this response. Any response that uses antiforgery should not be cached.&#xD;
info: Microsoft.Hosting.Lifetime[0]&#xD;
      Application is shutting down...&#xD;
info: Microsoft.Hosting.Lifetime[0]&#xD;
      Application started. Press Ctrl+C to shut down.&#xD;
info: Microsoft.Hosting.Lifetime[0]&#xD;
      Hosting environment: Testing&#xD;
info: Microsoft.Hosting.Lifetime[0]&#xD;
      Content root path: C:\SaProductions\Sonda\src\Sonda.Server&#xD;
warn: Microsoft.AspNetCore.Antiforgery.DefaultAntiforgery[8]&#xD;
      The 'Cache-Control' and 'Pragma' headers have been overridden and set to 'no-cache, no-store' and 'no-cache' respectively to prevent caching of this response. Any response that uses antiforgery should not be cached.&#xD;
warn: Microsoft.AspNetCore.Antiforgery.DefaultAntiforgery[8]&#xD;
      The 'Cache-Control' and 'Pragma' headers have been overridden and set to 'no-cache, no-store' and 'no-cache' respectively to prevent caching of this response. Any response that uses antiforgery should not be cached.&#xD;
warn: Microsoft.AspNetCore.Antiforgery.DefaultAntiforgery[8]&#xD;
      The 'Cache-Control' and 'Pragma' headers have been overridden and set to 'no-cache, no-store' and 'no-cache' respectively to prevent caching of this response. Any response that uses antiforgery should not be cached.&#xD;
warn: Microsoft.AspNetCore.Antiforgery.DefaultAntiforgery[8]&#xD;
      The 'Cache-Control' and 'Pragma' headers have been overridden and set to 'no-cache, no-store' and 'no-cache' respectively to prevent caching of this response. Any response that uses antiforgery should not be cached.&#xD;
info: Microsoft.Hosting.Lifetime[0]&#xD;
      Application is shutting down...&#xD;
info: Microsoft.Hosting.Lifetime[0]&#xD;
      Application started. Press Ctrl+C to shut down.&#xD;
info: Microsoft.Hosting.Lifetime[0]&#xD;
      Hosting environment: Testing&#xD;
info: Microsoft.Hosting.Lifetime[0]&#xD;
      Content root path: C:\SaProductions\Sonda\src\Sonda.Server&#xD;
warn: Microsoft.AspNetCore.Antiforgery.DefaultAntiforgery[8]&#xD;
      The 'Cache-Control' and 'Pragma' headers have been overridden and set to 'no-cache, no-store' and 'no-cache' respectively to prevent caching of this response. Any response that uses antiforgery should not be cached.&#xD;
warn: Microsoft.AspNetCore.Antiforgery.DefaultAntiforgery[8]&#xD;
      The 'Cache-Control' and 'Pragma' headers have been overridden and set to 'no-cache, no-store' and 'no-cache' respectively to prevent caching of this response. Any response that uses antiforgery should not be cached.&#xD;
info: Microsoft.Hosting.Lifetime[0]&#xD;
      Application is shutting down...&#xD;
info: Microsoft.Hosting.Lifetime[0]&#xD;
      Application started. Press Ctrl+C to shut down.&#xD;
info: Microsoft.Hosting.Lifetime[0]&#xD;
      Hosting environment: Testing&#xD;
info: Microsoft.Hosting.Lifetime[0]&#xD;
      Content root path: C:\SaProductions\Sonda\src\Sonda.Server&#xD;
warn: Microsoft.AspNetCore.Antiforgery.DefaultAntiforgery[8]&#xD;
      The 'Cache-Control' and 'Pragma' headers have been overridden and set to 'no-cache, no-store' and 'no-cache' respectively to prevent caching of this response. Any response that uses antiforgery should not be cached.&#xD;
warn: Microsoft.AspNetCore.Antiforgery.DefaultAntiforgery[8]&#xD;
      The 'Cache-Control' and 'Pragma' headers have been overridden and set to 'no-cache, no-store' and 'no-cache' respectively to prevent caching of this response. Any response that uses antiforgery should not be cached.&#xD;
info: Microsoft.Hosting.Lifetime[0]&#xD;
      Application is shutting down...&#xD;
info: Microsoft.Hosting.Lifetime[0]&#xD;
      Application started. Press Ctrl+C to shut down.&#xD;
info: Microsoft.Hosting.Lifetime[0]&#xD;
      Hosting environment: Testing&#xD;
info: Microsoft.Hosting.Lifetime[0]&#xD;
      Content root path: C:\SaProductions\Sonda\src\Sonda.Server&#xD;
warn: Microsoft.AspNetCore.Antiforgery.DefaultAntiforgery[8]&#xD;
      The 'Cache-Control' and 'Pragma' headers have been overridden and set to 'no-cache, no-store' and 'no-cache' respectively to prevent caching of this response. Any response that uses antiforgery should not be cached.&#xD;
warn: Microsoft.AspNetCore.Antiforgery.DefaultAntiforgery[8]&#xD;
      The 'Cache-Control' and 'Pragma' headers have been overridden and set to 'no-cache, no-store' and 'no-cache' respectively to prevent caching of this response. Any response that uses antiforgery should not be cached.&#xD;
warn: Microsoft.AspNetCore.Antiforgery.DefaultAntiforgery[8]&#xD;
      The 'Cache-Control' and 'Pragma' headers have been overridden and set to 'no-cache, no-store' and 'no-cache' respectively to prevent caching of this response. Any response that uses antiforgery should not be cached.&#xD;
warn: Microsoft.AspNetCore.Antiforgery.DefaultAntiforgery[8]&#xD;
      The 'Cache-Control' and 'Pragma' headers have been overridden and set to 'no-cache, no-store' and 'no-cache' respectively to prevent caching of this response. Any response that uses antiforgery should not be cached.&#xD;
info: Microsoft.Hosting.Lifetime[0]&#xD;
      Application is shutting down...&#xD;
info: Microsoft.Hosting.Lifetime[0]&#xD;
      Application started. Press Ctrl+C to shut down.&#xD;
info: Microsoft.Hosting.Lifetime[0]&#xD;
      Hosting environment: Testing&#xD;
info: Microsoft.Hosting.Lifetime[0]&#xD;
      Content root path: C:\SaProductions\Sonda\src\Sonda.Server&#xD;
warn: Microsoft.AspNetCore.Antiforgery.DefaultAntiforgery[8]&#xD;
      The 'Cache-Control' and 'Pragma' headers have been overridden and set to 'no-cache, no-store' and 'no-cache' respectively to prevent caching of this response. Any response that uses antiforgery should not be cached.&#xD;
warn: Microsoft.AspNetCore.Antiforgery.DefaultAntiforgery[8]&#xD;
      The 'Cache-Control' and 'Pragma' headers have been overridden and set to 'no-cache, no-store' and 'no-cache' respectively to prevent caching of this response. Any response that uses antiforgery should not be cached.&#xD;
info: Microsoft.Hosting.Lifetime[0]&#xD;
      Application is shutting down...&#xD;
info: Microsoft.Hosting.Lifetime[0]&#xD;
      Application started. Press Ctrl+C to shut down.&#xD;
info: Microsoft.Hosting.Lifetime[0]&#xD;
      Hosting environment: Testing&#xD;
info: Microsoft.Hosting.Lifetime[0]&#xD;
      Content root path: C:\SaProductions\Sonda\src\Sonda.Server&#xD;
warn: Microsoft.AspNetCore.Antiforgery.DefaultAntiforgery[8]&#xD;
      The 'Cache-Control' and 'Pragma' headers have been overridden and set to 'no-cache, no-store' and 'no-cache' respectively to prevent caching of this response. Any response that uses antiforgery should not be cached.&#xD;
warn: Microsoft.AspNetCore.Antiforgery.DefaultAntiforgery[8]&#xD;
      The 'Cache-Control' and 'Pragma' headers have been overridden and set to 'no-cache, no-store' and 'no-cache' respectively to prevent caching of this response. Any response that uses antiforgery should not be cached.&#xD;
info: Microsoft.Hosting.Lifetime[0]&#xD;
      Application is shutting down...&#xD;
[xUnit.net 00:00:24.36]   Finished:    Sonda.Api.Tests&#xD;
</StdOut>
    </Output>
  </ResultSummary>
</TestRun>